// Vitest Snapshot v1, https://vitest.dev/guide/snapshot.html

exports[`OPT-775 target instructions > snapshots every authored action target and the distinct wording set 1`] = `
{
  "fallbackCount": 558,
  "fallbacks": [
    "EB01-008 :: ko_replacement :: replacement_actions[0] (TRASH_FROM_HAND)",
    "EB01-013 :: activate_play_and_draw :: actions[0] (PLAY_CARD)",
    "EB01-014.effects.0.modifiers.0.target (non-action target)",
    "EB01-020 :: main_bounce_play :: actions[1] (PLAY_CARD)",
    "EB01-024.effects.0.modifiers.0.target (non-action target)",
    "EB01-027.effects.0.modifiers.0.target (non-action target)",
    "EB01-031 :: on_play_recover :: actions[0] (RETURN_TO_HAND)",
    "EB01-033 :: on_play_play_character :: actions[0] (PLAY_CARD)",
    "EB01-042 :: activate_play_and_debuff :: actions[0] (PLAY_CARD)",
    "EB01-043 :: on_play_recycle_and_play :: actions[0] (PLAY_CARD)",
    "EB01-058.effects.0.modifiers.0.target (non-action target)",
    "EB01-059 :: trigger_ko :: actions[0] (KO)",
    "EB02-002 :: activate_power_buff :: actions[0] (MODIFY_POWER)",
    "EB02-003.effects.0.modifiers.0.target (non-action target)",
    "EB02-012.effects.0.modifiers.0.target (non-action target)",
    "EB02-019.effects.0.modifiers.0.target (non-action target)",
    "EB02-022 :: on_play_play_character :: actions[0] (PLAY_CARD)",
    "EB02-033.effects.0.modifiers.0.target (non-action target)",
    "EB02-039 :: main_trash_and_play :: actions[0] (PLAY_CARD)",
    "EB02-047 :: activate_play_from_trash :: actions[0] (PLAY_CARD)",
    "EB02-052.effects.0.modifiers.0.target (non-action target)",
    "EB02-059 :: counter_buff_and_play :: actions[1] (PLAY_CARD)",
    "EB02-061.effects.0.modifiers.0.target (non-action target)",
    "EB03-001 :: activate_debuff_rush :: actions[1] (GRANT_KEYWORD)",
    "EB03-003 :: on_play_draw_play :: actions[1] (PLAY_CARD)",
    "EB03-004.effects.1.modifiers.0.target (non-action target)",
    "EB03-007 :: on_ko_play :: actions[0] (PLAY_CARD)",
    "EB03-009 :: activate_power_boost :: actions[0] (MODIFY_POWER)",
    "EB03-012 :: activate_rest_opponent :: actions[0] (SET_REST)",
    "EB03-014 :: activate_give_don :: actions[0] (GIVE_DON)",
    "EB03-018.effects.0.modifiers.0.target (non-action target)",
    "EB03-021 :: on_play_return_to_deck :: actions[0] (RETURN_TO_DECK)",
    "EB03-026 :: activate_return_give_don :: actions[0] (DISTRIBUTE_DON)",
    "EB03-039 :: on_play_draw_trash_play :: actions[2] (PLAY_CARD)",
    "EB03-041.effects.0.modifiers.0.target (non-action target)",
    "EB03-042 :: on_ko_play :: actions[0] (PLAY_CARD)",
    "EB03-042.effects.0.modifiers.0.target (non-action target)",
    "EB03-044.effects.0.modifiers.0.target (non-action target)",
    "EB03-049 :: main_play_characters :: actions[0] (PLAY_CARD)",
    "EB03-059 :: on_play_add_life :: actions[0] (ADD_TO_LIFE_FROM_HAND)",
    "EB03-059 :: trigger_cannot_attack :: actions[0] (APPLY_PROHIBITION)",
    "EB03-061 :: activate_don_active_rest :: actions[1] (SET_REST)",
    "EB04-001.effects.0.modifiers.0.target (non-action target)",
    "EB04-003.effects.1.modifiers.0.target (non-action target)",
    "EB04-009 :: counter_power_boost :: actions[0] (MODIFY_POWER)",
    "EB04-009.effects.0.costs.0.target (non-action target)",
    "EB04-010.effects.0.modifiers.0.target (non-action target)",
    "EB04-017.effects.0.modifiers.0.target (non-action target)",
    "EB04-025 :: on_play_play_and_opponent_place :: actions[0] (PLAY_CARD)",
    "EB04-027 :: trigger_play_character :: actions[0] (PLAY_CARD)",
    "EB04-046.effects.1.modifiers.0.target (non-action target)",
    "EB04-047 :: activate_trash_play :: actions[0] (PLAY_CARD)",
    "EB04-048.effects.0.modifiers.0.target (non-action target)",
    "EB04-048.effects.0.modifiers.1.target (non-action target)",
    "EB04-056.effects.0.modifiers.0.target (non-action target)",
    "EB04-057.effects.0.prohibitions.0.target (non-action target)",
    "EB04-057.effects.1.modifiers.0.target (non-action target)",
    "EB04-059 :: main_ko_two :: actions[0] (KO)",
    "EB04-060 :: main_life_swap_debuff :: actions[0] (ADD_TO_LIFE_FROM_HAND)",
    "EB04-061.effects.0.modifiers.0.target (non-action target)",
    "OP01-001.effects.0.modifiers.0.target (non-action target)",
    "OP01-002 :: activate_swap :: actions[1] (PLAY_CARD)",
    "OP01-005 :: on_play_trash_recover :: actions[0] (RETURN_TO_HAND)",
    "OP01-014 :: on_block_play :: actions[0] (PLAY_CARD)",
    "OP01-015 :: when_attacking_trash_recover :: actions[0] (RETURN_TO_HAND)",
    "OP01-019.effects.1.modifiers.0.target (non-action target)",
    "OP01-021.effects.0.modifiers.0.target (non-action target)",
    "OP01-032.effects.0.modifiers.0.target (non-action target)",
    "OP01-040 :: on_play_play_akazaya :: actions[0] (PLAY_CARD)",
    "OP01-047 :: on_play_swap :: actions[0] (PLAY_CARD)",
    "OP01-049 :: when_attacking_play :: actions[0] (PLAY_CARD)",
    "OP01-051 :: activate_play :: actions[0] (PLAY_CARD)",
    "OP01-060 :: when_attacking_reveal_play :: actions[1] (PLAY_CARD)",
    "OP01-063 :: OP01-063_activate_reveal_conditional :: actions[0] (REVEAL_HAND)",
    "OP01-067.effects.1.modifiers.0.target (non-action target)",
    "OP01-068.effects.0.modifiers.0.target (non-action target)",
    "OP01-072.effects.0.modifiers.0.target (non-action target)",
    "OP01-079 :: on_ko_recover_event :: actions[0] (RETURN_TO_HAND)",
    "OP01-083.effects.0.modifiers.0.target (non-action target)",
    "OP01-091.effects.0.modifiers.0.target (non-action target)",
    "OP01-094 :: on_play_board_wipe :: actions[0] (KO)",
    "OP01-096 :: on_play_dual_ko :: actions[0] (KO)",
    "OP01-099.effects.0.prohibitions.0.target (non-action target)",
    "OP01-105 :: on_play_reveal_hand :: actions[0] (REVEAL_HAND)",
    "OP01-109.effects.0.modifiers.0.target (non-action target)",
    "OP02-008.effects.0.modifiers.0.target (non-action target)",
    "OP02-010 :: activate_play_cheap :: actions[0] (PLAY_CARD)",
    "OP02-014.effects.0.modifiers.0.target (non-action target)",
    "OP02-019.effects.0.modifiers.0.target (non-action target)",
    "OP02-024.effects.0.modifiers.0.target (non-action target)",
    "OP02-031.effects.0.modifiers.0.target (non-action target)",
    "OP02-035 :: activate_bounce_play :: actions[0] (PLAY_CARD)",
    "OP02-037 :: on_play_play_char :: actions[0] (PLAY_CARD)",
    "OP02-040 :: on_play_play_char :: actions[0] (PLAY_CARD)",
    "OP02-041 :: on_play_play_char :: actions[0] (PLAY_CARD)",
    "OP02-044 :: on_play_play_mink :: actions[0] (PLAY_CARD)",
    "OP02-045 :: counter_boost_play :: actions[1] (PLAY_CARD)",
    "OP02-046 :: trigger_play :: actions[0] (PLAY_CARD)",
    "OP02-050.effects.0.modifiers.0.target (non-action target)",
    "OP02-051 :: on_play_draw_and_play :: actions[1] (PLAY_CARD)",
    "OP02-063 :: on_play_recover_event :: actions[0] (RETURN_TO_HAND)",
    "OP02-073 :: on_play_play_jailer_beast :: actions[0] (PLAY_CARD)",
    "OP02-074.effects.0.modifiers.0.target (non-action target)",
    "OP02-078 :: on_play_play_smile :: actions[0] (PLAY_CARD)",
    "OP02-095.effects.0.modifiers.0.target (non-action target)",
    "OP02-114.effects.0.modifiers.0.target (non-action target)",
    "OP02-121.effects.0.modifiers.0.target (non-action target)",
    "OP03-001 :: attack_or_attacked_trash_buff :: actions[0] (MODIFY_POWER)",
    "OP03-004.effects.0.modifiers.0.target (non-action target)",
    "OP03-014 :: when_attacking_play :: actions[0] (PLAY_CARD)",
    "OP03-018 :: main_dual_ko :: actions[0] (KO)",
    "OP03-022 :: when_attacking_play_trigger_card :: actions[0] (PLAY_CARD)",
    "OP03-025.effects.1.modifiers.0.target (non-action target)",
    "OP03-037 :: trigger_play_trigger_card :: actions[0] (PLAY_CARD)",
    "OP03-045.effects.1.modifiers.0.target (non-action target)",
    "OP03-053.effects.0.modifiers.0.target (non-action target)",
    "OP03-058 :: activate_play_galley_la :: actions[0] (PLAY_CARD)",
    "OP03-058.effects.0.prohibitions.0.target (non-action target)",
    "OP03-078.effects.0.modifiers.0.target (non-action target)",
    "OP03-079.effects.0.prohibitions.0.target (non-action target)",
    "OP03-088.effects.0.prohibitions.0.target (non-action target)",
    "OP03-090 :: on_ko_play_from_trash :: actions[0] (PLAY_CARD)",
    "OP03-090.effects.0.modifiers.0.target (non-action target)",
    "OP03-091 :: on_play_set_cost_zero :: actions[0] (SET_COST)",
    "OP03-094 :: trigger_play_from_trash :: actions[0] (PLAY_CARD)",
    "OP03-108.effects.0.modifiers.0.target (non-action target)",
    "OP03-108.effects.0.modifiers.1.target (non-action target)",
    "OP03-119 :: trigger_play_from_hand :: actions[0] (PLAY_CARD)",
    "OP04-005.effects.0.modifiers.0.target (non-action target)",
    "OP04-012.effects.0.modifiers.0.target (non-action target)",
    "OP04-020.effects.0.modifiers.0.target (non-action target)",
    "OP04-042 :: on_play_slash_power_then_mill :: actions[0] (MODIFY_POWER)",
    "OP04-044 :: on_play_dual_bounce :: actions[0] (RETURN_TO_HAND)",
    "OP04-081.effects.0.modifiers.0.target (non-action target)",
    "OP04-081.effects.1.costs.0.target (non-action target)",
    "OP04-088.effects.0.costs.0.target (non-action target)",
    "OP04-091.effects.0.costs.0.target (non-action target)",
    "OP04-094.effects.1.costs.0.target (non-action target)",
    "OP04-096.effects.0.modifiers.0.target (non-action target)",
    "OP04-106.effects.0.modifiers.0.target (non-action target)",
    "OP04-108.effects.0.modifiers.0.target (non-action target)",
    "OP04-112 :: on_play_ko_and_life :: actions[0] (KO)",
    "OP04-118.effects.0.modifiers.0.target (non-action target)",
    "OP04-119 :: on_play_rest_self_play_green :: actions[0] (PLAY_CARD)",
    "OP04-119.effects.0.prohibitions.0.target (non-action target)",
    "OP05-002 :: activate_trash_power_boost :: actions[0] (MODIFY_POWER)",
    "OP05-003.effects.0.modifiers.0.target (non-action target)",
    "OP05-004 :: activate_play_revolutionary :: actions[0] (PLAY_CARD)",
    "OP05-032 :: replacement_ko_protection :: replacement_actions[0] (SET_REST)",
    "OP05-040.effects.0.prohibitions.0.target (non-action target)",
    "OP05-062.effects.0.modifiers.0.target (non-action target)",
    "OP05-066.effects.1.modifiers.0.target (non-action target)",
    "OP05-070.effects.0.modifiers.0.target (non-action target)",
    "OP05-084.effects.0.modifiers.0.target (non-action target)",
    "OP05-086.effects.0.modifiers.0.target (non-action target)",
    "OP05-088 :: activate_recover_from_trash :: actions[0] (RETURN_TO_HAND)",
    "OP05-089 :: activate_rest_recover_from_trash :: actions[0] (RETURN_TO_HAND)",
    "OP05-091 :: on_play_recover_and_play :: actions[0] (RETURN_TO_HAND)",
    "OP05-091 :: on_play_recover_and_play :: actions[1] (PLAY_CARD)",
    "OP05-092.effects.0.modifiers.0.target (non-action target)",
    "OP05-093 :: on_play_double_ko :: actions[0] (KO)",
    "OP05-097.effects.0.modifiers.0.target (non-action target)",
    "OP05-101.effects.0.modifiers.0.target (non-action target)",
    "OP05-102 :: on_play_ko_by_life_count :: actions[0] (KO)",
    "OP05-103 :: on_play_ko_with_hotori :: actions[0] (KO)",
    "OP05-112 :: on_ko_play_sky_island :: actions[0] (PLAY_CARD)",
    "OP05-114 :: trigger_ko_by_life_count :: actions[0] (KO)",
    "OP05-116 :: main_ko_by_life_count :: actions[0] (KO)",
    "OP05-119 :: on_play_don_minus_return_extra_turn :: actions[0] (RETURN_TO_DECK)",
    "OP06-002.effects.0.modifiers.0.target (non-action target)",
    "OP06-010.effects.0.modifiers.0.target (non-action target)",
    "OP06-014 :: OP06-014_effect_1 :: actions[0] (MODIFY_POWER)",
    "OP06-015 :: OP06-015_effect_1 :: actions[0] (PLAY_CARD)",
    "OP06-020 :: OP06-020_effect_1 :: actions[0] (SET_REST)",
    "OP06-024 :: OP06-024_effect_1 :: actions[0] (PLAY_CARD)",
    "OP06-026 :: OP06-026_effect_1 :: actions[0] (SET_ACTIVE)",
    "OP06-035 :: OP06-035_effect_1 :: actions[0] (SET_REST)",
    "OP06-054.effects.0.modifiers.0.target (non-action target)",
    "OP06-056 :: OP06-056_effect_1 :: actions[0] (RETURN_TO_DECK)",
    "OP06-057 :: OP06-057_trigger :: actions[0] (PLAY_CARD)",
    "OP06-062 :: OP06-062_effect_1 :: actions[0] (PLAY_CARD)",
    "OP06-063 :: OP06-063_effect_1 :: actions[0] (RETURN_TO_HAND)",
    "OP06-067.effects.0.modifiers.0.target (non-action target)",
    "OP06-071 :: OP06-071_effect_1 :: actions[0] (RETURN_TO_HAND)",
    "OP06-072.effects.0.modifiers.0.target (non-action target)",
    "OP06-080 :: OP06-080_effect_1 :: actions[1] (PLAY_CARD)",
    "OP06-085.effects.0.modifiers.0.target (non-action target)",
    "OP06-086 :: OP06-086_effect_1 :: actions[0] (PLAY_CARD)",
    "OP06-088.effects.0.modifiers.0.target (non-action target)",
    "OP06-090 :: OP06-090_effect_1 :: actions[0] (RETURN_TO_HAND)",
    "OP06-095 :: OP06-095_effect_1 :: actions[2] (MODIFY_POWER)",
    "OP06-098 :: OP06-098_effect_1 :: actions[0] (PLAY_CARD)",
    "OP06-100 :: OP06-100_effect_1 :: actions[0] (KO)",
    "OP06-107 :: OP06-107_effect_1 :: actions[0] (ADD_TO_LIFE_FROM_FIELD)",
    "OP06-110.effects.0.modifiers.0.target (non-action target)",
    "OP06-113.effects.0.modifiers.0.target (non-action target)",
    "OP07-023.effects.0.modifiers.0.target (non-action target)",
    "OP07-029.effects.0.modifiers.0.target (non-action target)",
    "OP07-030.effects.0.modifiers.0.target (non-action target)",
    "OP07-033.effects.0.prohibitions.0.target (non-action target)",
    "OP07-042 :: OP07-042_effect_1 :: replacement_actions[0] (RETURN_TO_DECK)",
    "OP07-045 :: OP07-045_effect_1 :: actions[0] (PLAY_CARD)",
    "OP07-048 :: activate_reveal_play :: actions[1] (PLAY_CARD)",
    "OP07-051 :: OP07-051_effect_1 :: actions[0] (APPLY_PROHIBITION)",
    "OP07-064.effects.0.modifiers.0.target (non-action target)",
    "OP07-069.effects.0.prohibitions.0.target (non-action target)",
    "OP07-071.effects.0.modifiers.0.target (non-action target)",
    "OP07-072 :: OP07-072_effect_1 :: actions[1] (PLAY_CARD)",
    "OP07-081.effects.0.modifiers.0.target (non-action target)",
    "OP07-087.effects.0.modifiers.0.target (non-action target)",
    "OP07-091 :: OP07-091_effect_1 :: actions[1] (RETURN_TO_DECK)",
    "OP07-091 :: OP07-091_effect_1 :: actions[2] (MODIFY_POWER)",
    "OP07-118 :: OP07-118_effect_1 :: actions[0] (KO)",
    "OP08-006.effects.0.modifiers.0.target (non-action target)",
    "OP08-010 :: activate_power_boost :: actions[0] (MODIFY_POWER)",
    "OP08-013.effects.0.modifiers.0.target (non-action target)",
    "OP08-020.effects.0.modifiers.0.target (non-action target)",
    "OP08-029.effects.0.prohibitions.0.target (non-action target)",
    "OP08-043.effects.0.actions.0.params.conditional_override.action.target (non-action target)",
    "OP08-062 :: activate_evolve :: actions[0] (PLAY_CARD)",
    "OP08-083.effects.0.modifiers.0.target (non-action target)",
    "OP08-084.effects.0.modifiers.0.target (non-action target)",
    "OP08-093.effects.0.modifiers.0.target (non-action target)",
    "OP08-098 :: when_attacking_play_and_life :: actions[0] (PLAY_CARD)",
    "OP08-102 :: on_play_ko :: actions[0] (KO)",
    "OP08-112 :: on_play_cannot_attack :: actions[0] (APPLY_PROHIBITION)",
    "OP08-114.effects.0.modifiers.0.target (non-action target)",
    "OP08-118 :: on_play_debuff_and_ko :: actions[0] (MODIFY_POWER)",
    "OP08-119 :: when_attacking_wipe :: actions[0] (KO)",
    "OP09-004.effects.0.modifiers.0.target (non-action target)",
    "OP09-017.effects.0.modifiers.0.target (non-action target)",
    "OP09-030 :: on_play_bounce_and_play :: actions[0] (PLAY_CARD)",
    "OP09-036 :: on_play_rest_don_or_character :: actions[0] (SET_REST)",
    "OP09-043 :: on_ko_play_from_hand :: actions[0] (PLAY_CARD)",
    "OP09-046 :: on_play_play_from_hand :: actions[0] (PLAY_CARD)",
    "OP09-061.effects.0.modifiers.0.target (non-action target)",
    "OP09-064 :: on_play_set_leader_active :: actions[0] (SET_ACTIVE)",
    "OP09-086.effects.1.modifiers.0.target (non-action target)",
    "OP09-093 :: activate_negate_and_lock :: actions[0] (NEGATE_EFFECTS)",
    "OP09-104 :: on_play_add_life_then_draw :: actions[0] (ADD_TO_LIFE_FROM_HAND)",
    "OP09-106 :: on_play_boost_leader :: actions[0] (MODIFY_POWER)",
    "OP09-115 :: main_ko :: actions[0] (KO)",
    "OP10-001.effects.0.modifiers.0.target (non-action target)",
    "OP10-005.effects.0.modifiers.0.target (non-action target)",
    "OP10-011.effects.1.modifiers.0.target (non-action target)",
    "OP10-019 :: counter_buff :: actions[0] (MODIFY_POWER)",
    "OP10-038.effects.0.modifiers.0.target (non-action target)",
    "OP10-042.effects.0.modifiers.0.target (non-action target)",
    "OP10-053.effects.0.modifiers.0.target (non-action target)",
    "OP10-058 :: on_play_draw_and_multi_play :: actions[1] (REVEAL)",
    "OP10-058 :: on_play_draw_and_multi_play :: actions[2] (PLAY_CARD)",
    "OP10-058 :: on_play_draw_and_multi_play :: actions[3] (PLAY_CARD)",
    "OP10-062 :: on_ko_reclaim_event :: actions[0] (RETURN_TO_HAND)",
    "OP10-067 :: on_play_reclaim_event_and_set_don :: actions[0] (RETURN_TO_HAND)",
    "OP10-082 :: activate_trash_draw_play :: actions[1] (PLAY_CARD)",
    "OP10-085.effects.0.modifiers.0.target (non-action target)",
    "OP10-086.effects.0.modifiers.0.target (non-action target)",
    "OP10-092 :: activate_buff :: actions[0] (MODIFY_POWER)",
    "OP10-094.effects.0.modifiers.0.target (non-action target)",
    "OP10-098 :: main_multi_ko :: actions[0] (KO)",
    "OP10-098 :: trigger_negate :: actions[0] (NEGATE_EFFECTS)",
    "OP10-100 :: when_attacking_rest :: actions[0] (SET_REST)",
    "OP10-103 :: on_play_life_swap :: actions[0] (ADD_TO_LIFE_FROM_HAND)",
    "OP10-107 :: on_play_life_swap :: actions[0] (ADD_TO_LIFE_FROM_HAND)",
    "OP10-108.effects.0.modifiers.0.target (non-action target)",
    "OP10-110 :: on_play_rest :: actions[0] (SET_REST)",
    "OP10-113.effects.0.modifiers.0.target (non-action target)",
    "OP10-115 :: trigger_ko :: actions[0] (KO)",
    "OP10-119 :: on_play_add_life_and_give_don :: actions[0] (ADD_TO_LIFE_FROM_HAND)",
    "OP10-119 :: on_play_add_life_and_give_don :: actions[1] (GIVE_DON)",
    "OP11-001.effects.0.modifiers.0.target (non-action target)",
    "OP11-006 :: when_attacking_debuff_special :: actions[0] (MODIFY_POWER)",
    "OP11-010 :: when_attacking_buff_and_grant :: actions[1] (GRANT_KEYWORD)",
    "OP11-022 :: activate_play_from_hand :: actions[0] (PLAY_CARD)",
    "OP11-023.effects.0.modifiers.0.target (non-action target)",
    "OP11-027.effects.0.modifiers.0.target (non-action target)",
    "OP11-057.effects.0.modifiers.0.target (non-action target)",
    "OP11-065.effects.0.modifiers.0.target (non-action target)",
    "OP11-073.effects.0.modifiers.0.target (non-action target)",
    "OP11-091 :: on_play_opponent_return_events :: actions[0].nested[0] (RETURN_TO_DECK)",
    "OP11-092 :: on_play_draw_and_play_from_trash :: actions[1] (PLAY_CARD)",
    "OP11-096.effects.0.modifiers.0.target (non-action target)",
    "OP11-097 :: counter_buff_and_retrieve :: actions[1] (RETURN_TO_HAND)",
    "OP11-110 :: ko_replacement :: replacement_actions[0] (SET_REST)",
    "OP11-112.effects.1.modifiers.0.target (non-action target)",
    "OP12-007 :: OP12-007_on_play :: actions[0] (GRANT_KEYWORD)",
    "OP12-012 :: OP12-012_on_play :: actions[0] (GRANT_KEYWORD)",
    "OP12-015.effects.0.modifiers.0.target (non-action target)",
    "OP12-016 :: OP12-016_counter :: actions[0] (MODIFY_POWER)",
    "OP12-016.effects.0.costs.0.target (non-action target)",
    "OP12-017.effects.0.costs.0.target (non-action target)",
    "OP12-018 :: OP12-018_counter :: actions[0] (MODIFY_POWER)",
    "OP12-019 :: OP12-019_counter :: actions[0] (MODIFY_POWER)",
    "OP12-019.effects.0.costs.0.target (non-action target)",
    "OP12-036.effects.1.modifiers.0.target (non-action target)",
    "OP12-037 :: OP12-037_main :: actions[0] (SET_REST)",
    "OP12-042.effects.0.modifiers.0.target (non-action target)",
    "OP12-043.effects.0.modifiers.0.target (non-action target)",
    "OP12-053.effects.1.modifiers.0.target (non-action target)",
    "OP12-053.effects.1.modifiers.1.target (non-action target)",
    "OP12-056 :: OP12-056_on_play :: actions[0] (PLAY_CARD)",
    "OP12-058 :: main_reveal_play :: actions[1] (PLAY_CARD)",
    "OP12-063.effects.1.modifiers.0.target (non-action target)",
    "OP12-063.effects.1.modifiers.1.target (non-action target)",
    "OP12-065 :: OP12-065_on_ko :: actions[0] (RETURN_TO_HAND)",
    "OP12-065.effects.0.modifiers.0.target (non-action target)",
    "OP12-066.effects.0.modifiers.0.target (non-action target)",
    "OP12-070.effects.0.modifiers.0.target (non-action target)",
    "OP12-073 :: OP12-073_on_play :: actions[1] (MODIFY_POWER)",
    "OP12-085.effects.0.modifiers.0.target (non-action target)",
    "OP12-087.effects.0.modifiers.0.target (non-action target)",
    "OP12-087.effects.0.modifiers.1.target (non-action target)",
    "OP12-089.effects.0.modifiers.0.target (non-action target)",
    "OP12-089.effects.0.modifiers.1.target (non-action target)",
    "OP12-093.effects.0.modifiers.0.target (non-action target)",
    "OP12-095.effects.0.modifiers.0.target (non-action target)",
    "OP12-100.effects.0.modifiers.0.target (non-action target)",
    "OP12-100.effects.0.modifiers.1.target (non-action target)",
    "OP12-102.effects.1.modifiers.0.target (non-action target)",
    "OP12-107.effects.0.modifiers.0.target (non-action target)",
    "OP13-001 :: OP13-001_on_opponent_attack :: actions[0] (MODIFY_POWER)",
    "OP13-003.effects.0.modifiers.0.target (non-action target)",
    "OP13-003.effects.1.modifiers.0.target (non-action target)",
    "OP13-004.effects.0.modifiers.0.target (non-action target)",
    "OP13-004.effects.1.modifiers.0.target (non-action target)",
    "OP13-007.effects.0.costs.0.target (non-action target)",
    "OP13-009.effects.0.modifiers.0.target (non-action target)",
    "OP13-031.effects.0.modifiers.0.target (non-action target)",
    "OP13-042 :: OP13-042_on_play :: actions[2] (GIVE_DON)",
    "OP13-064.effects.0.modifiers.0.target (non-action target)",
    "OP13-068.effects.0.modifiers.0.target (non-action target)",
    "OP13-069 :: OP13-069_on_play :: actions[0] (RETURN_TO_HAND)",
    "OP13-077 :: OP13-077_main :: actions[0] (KO)",
    "OP13-080.effects.0.modifiers.0.target (non-action target)",
    "OP13-081.effects.0.modifiers.0.target (non-action target)",
    "OP13-084.effects.1.modifiers.0.target (non-action target)",
    "OP13-089.effects.0.modifiers.0.target (non-action target)",
    "OP13-091.effects.0.modifiers.0.target (non-action target)",
    "OP13-099 :: OP13-099_activate_main :: actions[0] (PLAY_CARD)",
    "OP13-099.effects.0.modifiers.0.target (non-action target)",
    "OP13-110 :: OP13-110_on_play :: actions[0] (PLAY_CARD)",
    "OP13-112.effects.0.modifiers.0.target (non-action target)",
    "OP13-119.effects.0.modifiers.0.target (non-action target)",
    "OP14-003.effects.0.prohibitions.0.target (non-action target)",
    "OP14-004.effects.0.modifiers.0.target (non-action target)",
    "OP14-009 :: OP14-009_on_opponent_attack :: actions[0] (SWAP_BASE_POWER)",
    "OP14-011.effects.0.modifiers.0.target (non-action target)",
    "OP14-020.effects.0.modifiers.0.target (non-action target)",
    "OP14-026.effects.0.modifiers.0.target (non-action target)",
    "OP14-027.effects.1.modifiers.0.target (non-action target)",
    "OP14-034.effects.0.modifiers.0.target (non-action target)",
    "OP14-053.effects.1.modifiers.0.target (non-action target)",
    "OP14-056.effects.0.prohibitions.0.target (non-action target)",
    "OP14-060 :: OP14-060_on_opponent_attack :: actions[0] (REDIRECT_ATTACK)",
    "OP14-078 :: OP14-078_counter :: actions[1] (MODIFY_POWER)",
    "OP14-079.effects.0.prohibitions.0.target (non-action target)",
    "OP14-084 :: OP14-084_on_play :: actions[0] (PLAY_CARD)",
    "OP14-086.effects.0.modifiers.0.target (non-action target)",
    "OP14-086.effects.0.modifiers.1.target (non-action target)",
    "OP14-090.effects.0.modifiers.0.target (non-action target)",
    "OP14-091 :: OP14-091_on_ko :: actions[0] (PLAY_CARD)",
    "OP14-093 :: OP14-093_on_ko :: actions[0] (RETURN_TO_HAND)",
    "OP14-104 :: OP14-104_on_play :: actions[0].nested[1] (ADD_TO_LIFE)",
    "OP14-110 :: OP14-110_on_ko :: actions[0] (PLAY_CARD)",
    "OP14-112 :: OP14-112_trigger :: actions[0] (PLAY_CARD)",
    "OP14-118 :: OP14-118_trigger :: actions[0] (PLAY_CARD)",
    "OP15-001 :: OP15-001_activate_rest :: actions[0] (SET_REST)",
    "OP15-001.effects.0.modifiers.0.target (non-action target)",
    "OP15-002 :: OP15-002_trash_for_power :: actions[0] (TRASH_FROM_HAND)",
    "OP15-002 :: OP15-002_trash_for_power :: actions[1] (MODIFY_POWER)",
    "OP15-003 :: OP15-003_replacement_ko :: replacement_actions[0] (TRASH_FROM_HAND)",
    "OP15-003.effects.1.costs.0.target (non-action target)",
    "OP15-006.effects.0.modifiers.0.target (non-action target)",
    "OP15-008 :: OP15-008_activate_debuff :: actions[0] (MODIFY_POWER)",
    "OP15-011.effects.0.modifiers.0.target (non-action target)",
    "OP15-011.effects.0.modifiers.1.target (non-action target)",
    "OP15-013.effects.0.modifiers.0.target (non-action target)",
    "OP15-014 :: OP15-014_replacement_ko :: replacement_actions[0] (TRASH_FROM_HAND)",
    "OP15-015 :: OP15-015_on_play :: actions[1] (MODIFY_POWER)",
    "OP15-017.effects.1.costs.0.target (non-action target)",
    "OP15-018 :: OP15-018_when_attacking :: actions[0] (KO)",
    "OP15-021.effects.0.modifiers.0.target (non-action target)",
    "OP15-023.effects.1.costs.0.target (non-action target)",
    "OP15-024.effects.0.modifiers.0.target (non-action target)",
    "OP15-025 :: OP15-025_on_play :: actions[1].nested[0] (APPLY_PROHIBITION)",
    "OP15-027 :: OP15-027_on_play :: actions[0] (SET_REST)",
    "OP15-031 :: OP15-031_on_play :: actions[0] (KO)",
    "OP15-038 :: OP15-038_main :: actions[0] (APPLY_PROHIBITION)",
    "OP15-050.effects.0.modifiers.0.target (non-action target)",
    "OP15-051.effects.0.modifiers.0.target (non-action target)",
    "OP15-053.effects.0.modifiers.0.target (non-action target)",
    "OP15-060.effects.0.modifiers.0.target (non-action target)",
    "OP15-067.effects.0.modifiers.0.target (non-action target)",
    "OP15-068.effects.0.modifiers.0.target (non-action target)",
    "OP15-070.effects.0.modifiers.0.target (non-action target)",
    "OP15-070.effects.1.modifiers.0.target (non-action target)",
    "OP15-070.effects.1.modifiers.1.target (non-action target)",
    "OP15-071.effects.0.modifiers.0.target (non-action target)",
    "OP15-071.effects.1.modifiers.0.target (non-action target)",
    "OP15-071.effects.1.modifiers.1.target (non-action target)",
    "OP15-073 :: OP15-073_on_play :: actions[0] (PLAY_CARD)",
    "OP15-080.effects.0.modifiers.0.target (non-action target)",
    "OP15-082 :: OP15-082_on_ko :: actions[0] (RETURN_TO_HAND)",
    "OP15-085 :: OP15-085_activate :: actions[0] (RETURN_TO_HAND)",
    "OP15-086 :: OP15-086_on_play :: actions[1] (GRANT_KEYWORD)",
    "OP15-087.effects.0.modifiers.0.target (non-action target)",
    "OP15-088.effects.0.modifiers.0.target (non-action target)",
    "OP15-092.effects.0.modifiers.0.target (non-action target)",
    "OP15-092.effects.0.modifiers.1.target (non-action target)",
    "OP15-092.effects.1.modifiers.0.target (non-action target)",
    "OP15-092.effects.2.modifiers.0.target (non-action target)",
    "OP15-102 :: OP15-102_on_play :: actions[0] (SET_REST)",
    "OP15-102.effects.0.modifiers.0.target (non-action target)",
    "OP15-106 :: trigger_draw_then_play :: actions[1] (PLAY_CARD)",
    "OP15-118.effects.0.modifiers.0.target (non-action target)",
    "OP15-119 :: OP15-119_on_opponent_event_blocker :: actions[1] (MODIFY_POWER)",
    "OP15-119.effects.0.modifiers.0.target (non-action target)",
    "OP16-001 :: activate_grant_rush :: actions[0] (GRANT_KEYWORD)",
    "OP16-003.effects.0.modifiers.0.target (non-action target)",
    "OP16-003.effects.0.modifiers.1.target (non-action target)",
    "OP16-005.effects.0.modifiers.0.target (non-action target)",
    "OP16-015.effects.0.modifiers.0.target (non-action target)",
    "OP16-017.effects.0.modifiers.0.target (non-action target)",
    "OP16-018 :: ko_replacement_trash_from_hand :: replacement_actions[0] (TRASH_FROM_HAND)",
    "OP16-027.effects.0.modifiers.0.target (non-action target)",
    "OP16-032 :: on_play_cannot_be_rested :: actions[0] (APPLY_PROHIBITION)",
    "OP16-034.effects.0.modifiers.0.target (non-action target)",
    "OP16-054.effects.0.modifiers.0.target (non-action target)",
    "OP16-060 :: activate_return_active_don_play_admirals :: actions[0] (PLAY_CARD)",
    "OP16-080 :: opponent_attack_redirect :: actions[0] (REDIRECT_ATTACK)",
    "OP16-080.effects.0.modifiers.0.target (non-action target)",
    "OP16-082.effects.0.modifiers.0.target (non-action target)",
    "OP16-085 :: on_play_play_wano_from_trash :: actions[0] (PLAY_CARD)",
    "OP16-097 :: on_play_recover_then_play :: actions[0] (RETURN_TO_HAND)",
    "OP16-113.effects.0.modifiers.0.target (non-action target)",
    "OP16-115 :: main_recover_trigger :: actions[0] (RETURN_TO_HAND)",
    "OP17-002.effects.0.modifiers.0.target (non-action target)",
    "OP17-004 :: on_play_grant_rush :: actions[0] (GRANT_KEYWORD)",
    "OP17-005.effects.0.modifiers.0.target (non-action target)",
    "OP17-007 :: on_play_play_character :: actions[0] (PLAY_CARD)",
    "OP17-009.effects.0.modifiers.0.target (non-action target)",
    "OP17-013.effects.0.modifiers.0.target (non-action target)",
    "OP17-044.effects.0.prohibitions.0.target (non-action target)",
    "OP17-079.effects.0.modifiers.0.target (non-action target)",
    "OP17-080.effects.0.modifiers.0.target (non-action target)",
    "OP17-081 :: on_play_recover_character :: actions[0] (RETURN_TO_HAND)",
    "OP17-081.effects.0.modifiers.0.target (non-action target)",
    "OP17-082.effects.0.modifiers.0.target (non-action target)",
    "OP17-083.effects.0.modifiers.0.target (non-action target)",
    "OP17-083.effects.0.modifiers.1.target (non-action target)",
    "OP17-085.effects.0.modifiers.0.target (non-action target)",
    "OP17-087.effects.0.modifiers.0.target (non-action target)",
    "OP17-089.effects.0.modifiers.0.target (non-action target)",
    "OP17-090.effects.0.modifiers.0.target (non-action target)",
    "OP17-091.effects.0.modifiers.0.target (non-action target)",
    "OP17-092.effects.0.modifiers.0.target (non-action target)",
    "OP17-093.effects.0.modifiers.0.target (non-action target)",
    "OP17-094.effects.0.modifiers.0.target (non-action target)",
    "OP17-095.effects.0.modifiers.0.target (non-action target)",
    "OP17-102 :: on_ko_play_from_trash :: actions[0] (PLAY_CARD)",
    "OP17-105 :: on_play_trash_trigger_bounce :: actions[0] (RETURN_TO_HAND)",
    "OP17-112.effects.0.modifiers.0.target (non-action target)",
    "OP17-119.effects.0.modifiers.0.target (non-action target)",
    "OP17-119.effects.1.modifiers.0.target (non-action target)",
    "P-001.effects.0.modifiers.0.target (non-action target)",
    "P-003.effects.0.modifiers.0.target (non-action target)",
    "P-004.effects.0.modifiers.0.target (non-action target)",
    "P-006.effects.0.modifiers.0.target (non-action target)",
    "P-011 :: activate_power_boost :: actions[0] (MODIFY_POWER)",
    "P-024 :: main_dynamic_power :: actions[0] (MODIFY_POWER)",
    "P-027.effects.1.modifiers.0.target (non-action target)",
    "P-029 :: eot_set_active_film :: actions[0] (SET_ACTIVE)",
    "P-032.effects.0.modifiers.0.target (non-action target)",
    "P-034.effects.0.modifiers.0.target (non-action target)",
    "P-039.effects.1.modifiers.0.target (non-action target)",
    "P-044.effects.0.modifiers.0.target (non-action target)",
    "P-050.effects.1.modifiers.0.target (non-action target)",
    "P-051 :: when_attacking_trash_for_power :: actions[0] (MODIFY_POWER)",
    "P-059 :: counter_bounce_and_power :: actions[1] (MODIFY_POWER)",
    "P-078.effects.0.modifiers.0.target (non-action target)",
    "P-084.effects.1.prohibitions.0.target (non-action target)",
    "P-090 :: on_ko_play_from_hand :: actions[0] (PLAY_CARD)",
    "P-092.effects.0.modifiers.0.target (non-action target)",
    "P-105.effects.0.modifiers.0.target (non-action target)",
    "P-105.effects.0.modifiers.1.target (non-action target)",
    "P-113.effects.0.modifiers.0.target (non-action target)",
    "P-113.effects.0.modifiers.1.target (non-action target)",
    "P-115 :: trigger_play_yellow_with_trigger :: actions[0] (PLAY_CARD)",
    "PRB01-001 :: activate_rush_grant :: actions[0] (GRANT_KEYWORD)",
    "PRB02-001.effects.0.modifiers.0.target (non-action target)",
    "PRB02-006 :: rest_replacement :: replacement_actions[0] (SET_REST)",
    "PRB02-010 :: on_play_don_minus_draw_play :: actions[1] (PLAY_CARD)",
    "PRB02-014.effects.0.modifiers.0.target (non-action target)",
    "PRB02-015.effects.0.modifiers.0.target (non-action target)",
    "PRB02-015.effects.0.modifiers.1.target (non-action target)",
    "PRB02-017 :: on_play_cannot_attack :: actions[0] (APPLY_PROHIBITION)",
    "ST01-004.effects.0.modifiers.0.target (non-action target)",
    "ST01-005 :: when_attacking_power_boost :: actions[0] (MODIFY_POWER)",
    "ST01-013.effects.0.modifiers.0.target (non-action target)",
    "ST02-003.effects.0.modifiers.0.target (non-action target)",
    "ST02-014.effects.0.modifiers.0.target (non-action target)",
    "ST03-004 :: on_play_retrieve_trash :: actions[0] (RETURN_TO_HAND)",
    "ST05-008.effects.0.prohibitions.0.target (non-action target)",
    "ST06-004.effects.0.prohibitions.0.target (non-action target)",
    "ST06-004.effects.1.modifiers.0.target (non-action target)",
    "ST08-002.effects.0.prohibitions.0.target (non-action target)",
    "ST08-014 :: trigger_retrieve_from_trash :: actions[0] (RETURN_TO_HAND)",
    "ST09-001.effects.0.modifiers.0.target (non-action target)",
    "ST09-004.effects.0.prohibitions.0.target (non-action target)",
    "ST09-005.effects.0.modifiers.0.target (non-action target)",
    "ST09-008 :: when_attacking_play_from_hand :: actions[0] (PLAY_CARD)",
    "ST10-001 :: activate_bottom_deck_and_play :: actions[1] (PLAY_CARD)",
    "ST10-003.effects.0.modifiers.0.target (non-action target)",
    "ST12-003 :: on_play_conditional_play :: actions[0] (PLAY_CARD)",
    "ST12-007 :: on_play_set_active :: actions[0] (SET_ACTIVE)",
    "ST13-003 :: activate_add_to_life :: actions[0] (ADD_TO_LIFE_FROM_HAND)",
    "ST13-005 :: on_play_swap_life :: actions[0] (ADD_TO_LIFE_FROM_HAND)",
    "ST13-006 :: on_play_play_named :: actions[0] (PLAY_CARD)",
    "ST13-007 :: activate_reveal_life_play :: actions[1] (PLAY_CARD)",
    "ST13-010 :: activate_reveal_life_play :: actions[1] (PLAY_CARD)",
    "ST13-014 :: activate_reveal_life_play :: actions[1] (PLAY_CARD)",
    "ST14-001.effects.0.modifiers.0.target (non-action target)",
    "ST14-001.effects.1.modifiers.0.target (non-action target)",
    "ST14-009.effects.0.modifiers.0.target (non-action target)",
    "ST14-009.effects.0.prohibitions.0.target (non-action target)",
    "ST14-012.effects.0.modifiers.0.target (non-action target)",
    "ST14-014 :: trigger_retrieve_trash :: actions[0] (RETURN_TO_HAND)",
    "ST14-017.effects.0.modifiers.0.target (non-action target)",
    "ST15-005.effects.0.modifiers.0.target (non-action target)",
    "ST16-002 :: opponent_attack_power_boost :: actions[0] (MODIFY_POWER)",
    "ST16-003.effects.0.modifiers.0.target (non-action target)",
    "ST16-005.effects.0.modifiers.0.target (non-action target)",
    "ST18-005 :: on_play_play_from_hand :: actions[0] (PLAY_CARD)",
    "ST19-004.effects.0.modifiers.0.target (non-action target)",
    "ST21-002.effects.0.modifiers.0.target (non-action target)",
    "ST21-011.effects.0.modifiers.0.target (non-action target)",
    "ST21-015 :: on_ko_play_from_hand :: actions[0] (PLAY_CARD)",
    "ST21-015.effects.0.modifiers.0.target (non-action target)",
    "ST23-001.effects.0.modifiers.0.target (non-action target)",
    "ST23-002.effects.0.modifiers.0.target (non-action target)",
    "ST25-001.effects.0.modifiers.0.target (non-action target)",
    "ST25-002.effects.0.modifiers.0.target (non-action target)",
    "ST25-002.effects.0.modifiers.1.target (non-action target)",
    "ST25-002.effects.1.modifiers.0.target (non-action target)",
    "ST25-005.effects.0.modifiers.0.target (non-action target)",
    "ST25-005.effects.0.modifiers.1.target (non-action target)",
    "ST26-001.effects.0.modifiers.0.target (non-action target)",
    "ST27-004.effects.0.modifiers.0.target (non-action target)",
    "ST27-004.effects.0.modifiers.1.target (non-action target)",
    "ST28-002.effects.0.modifiers.0.target (non-action target)",
    "ST28-004.effects.0.modifiers.0.target (non-action target)",
    "ST28-005.effects.0.modifiers.0.target (non-action target)",
    "ST29-002 :: on_play_or_attack_rest :: actions[0] (SET_REST)",
    "ST29-003.effects.0.modifiers.0.target (non-action target)",
    "ST29-013 :: trigger_ko :: actions[0] (KO)",
    "ST30-001.effects.0.modifiers.0.target (non-action target)",
    "ST30-001.effects.1.modifiers.0.target (non-action target)",
    "ST30-003.effects.0.modifiers.0.target (non-action target)",
  ],
  "generatedCount": 1977,
  "instructions": [
    "Add to Life 1 of your opponent's Characters with a cost of 3 or less.",
    "Add to Life this card.",
    "Add to Life up to 1 of Characters with a cost of 6 or less.",
    "Add to Life up to 1 of Characters with a cost of 8 or less.",
    "Add to Life up to 1 of your Characters with a cost of 3.",
    "Add to Life up to 1 of your Characters with a power of 0.",
    "Add to Life up to 1 of your cards in hand with a cost of 5 or less with the {Egghead} type.",
    "Add to Life up to 1 of your cards in hand with the {Shandian Warrior} type.",
    "Add to Life up to 1 of your cards in hand.",
    "Add to Life up to 1 of your cards in the trash with a cost of 6 or less with the {Blackbeard Pirates} type.",
    "Add to Life up to 1 of your opponent's Characters with a cost of 1 or less.",
    "Add to Life up to 1 of your opponent's Characters with a cost of 3 or less with the {Animal} or {SMILE} type.",
    "Add to Life up to 1 of your opponent's Characters with a cost of 3 or less.",
    "Add to Life up to 1 of your opponent's Characters with a cost of 4 or less.",
    "Add to Life up to 1 of your opponent's Characters with a cost of 6 or less.",
    "Add to Life up to 1 of your opponent's Characters with a cost of 9 or less.",
    "Choose 1 of your Characters.",
    "Choose 1 of your DON!! cards.",
    "Choose 1 of your cards in hand.",
    "Choose 1 of your opponent's Characters.",
    "Choose 1 of your opponent's DON!! cards that are active.",
    "Choose 1 of your opponent's cards in hand.",
    "Choose 2 of your Characters with the {Supernovas} or {Heart Pirates} type.",
    "Choose 2 of your DON!! cards that are active.",
    "Choose 2 of your opponent's Characters with a base power of 9000 or less.",
    "Choose 3 of your cards in the trash.",
    "Choose cards in your opponent's Life.",
    "Choose this card.",
    "Choose up to 1 of Life cards.",
    "Choose up to 1 of cards in your opponent's Life.",
    "Choose up to 1 of your Characters named [Monkey.D.Luffy].",
    "Choose up to 1 of your Characters with a power of 6000 or more with the {Straw Hat Crew} type.",
    "Choose up to 1 of your Characters with the {Straw Hat Crew} type.",
    "Choose up to 1 of your Characters.",
    "Choose up to 1 of your DON!! cards.",
    "Choose up to 1 of your Event cards with a base cost of 3 or less with the {Dressrosa} type.",
    "Choose up to 1 of your Event cards with a base cost of 3 or less with the {Straw Hat Crew} type.",
    "Choose up to 1 of your Event cards with a cost of 7 or less.",
    "Choose up to 1 of your Event cards with the {Dressrosa} type.",
    "Choose up to 1 of your Leaders or Characters with the {Straw Hat Crew} type.",
    "Choose up to 1 of your Leaders or Characters.",
    "Choose up to 1 of your opponent's Characters that are active.",
    "Choose up to 1 of your opponent's Characters that are rested.",
    "Choose up to 1 of your opponent's Characters with a base cost of 4 or less.",
    "Choose up to 1 of your opponent's Characters with a base cost of 5 or less.",
    "Choose up to 1 of your opponent's Characters with a base cost of 6 or less.",
    "Choose up to 1 of your opponent's Characters with a cost of 0.",
    "Choose up to 1 of your opponent's Characters with a cost of 1 or less that are rested.",
    "Choose up to 1 of your opponent's Characters with a cost of 3 or less that are rested.",
    "Choose up to 1 of your opponent's Characters with a cost of 3 or less.",
    "Choose up to 1 of your opponent's Characters with a cost of 4 or less that are rested.",
    "Choose up to 1 of your opponent's Characters with a cost of 4 or less.",
    "Choose up to 1 of your opponent's Characters with a cost of 5 or less that are rested.",
    "Choose up to 1 of your opponent's Characters with a cost of 5 or less.",
    "Choose up to 1 of your opponent's Characters with a cost of 6 or less that are rested.",
    "Choose up to 1 of your opponent's Characters with a cost of 6 or less.",
    "Choose up to 1 of your opponent's Characters with a cost of 7 or less that are rested.",
    "Choose up to 1 of your opponent's Characters with a cost of 7 or less.",
    "Choose up to 1 of your opponent's Characters with a cost of 8 or less.",
    "Choose up to 1 of your opponent's Characters with a cost of 9 or less.",
    "Choose up to 1 of your opponent's Characters with a power of 4000 or less with [Blocker].",
    "Choose up to 1 of your opponent's Characters with a power of 4000 or less.",
    "Choose up to 1 of your opponent's Characters with a power of 6000 or less that are rested.",
    "Choose up to 1 of your opponent's Characters.",
    "Choose up to 1 of your opponent's DON!! cards that are rested.",
    "Choose up to 1 of your opponent's Leaders or Characters that are rested.",
    "Choose up to 1 of your opponent's Leaders or Characters.",
    "Choose up to 2 of your DON!! cards.",
    "Choose up to 2 of your opponent's Characters with a cost of 4 or less that are rested.",
    "Choose up to 2 of your opponent's Characters with a cost of 4 or less.",
    "Choose up to 2 of your opponent's Characters with a cost of 5 or less that are rested.",
    "Choose up to 2 of your opponent's Characters with a cost of 5 or less.",
    "Choose up to 2 of your opponent's Characters with a cost of 7 or less that are rested.",
    "Choose up to 2 of your opponent's Characters with a power of 10000 or less.",
    "Choose up to 2 of your opponent's Leaders or Characters that are rested.",
    "Choose up to 3 of your Characters with the {Animal} or {Drum Kingdom} type.",
    "Choose up to 3 of your DON!! cards.",
    "Choose up to 3 of your opponent's Characters with a cost of 7 or less.",
    "Choose up to 3 of your opponent's Leaders or Characters that are rested.",
    "Choose up to 4 of your DON!! cards.",
    "Choose up to 5 of your DON!! cards.",
    "Choose your Characters named [Prisoner of Impel Down].",
    "Choose your Characters with a base power of 1000 or less.",
    "Choose your Characters with a cost of 7 or less.",
    "Choose your Characters with the {Alabasta} type.",
    "Choose your Characters with the {ODYSSEY} or {Straw Hat Crew} type.",
    "Choose your Characters.",
    "Choose your Leader named [Edward.Newgate].",
    "Choose your Leader with the {Red-Haired Pirates} type.",
    "Choose your Leader.",
    "Choose your Leaders or Characters.",
    "Choose your Life cards.",
    "Choose your opponent's Characters with a cost of 5 or less.",
    "Choose your opponent's Characters with a cost of 7 or less that are rested.",
    "Choose your opponent's Characters with a power of 2000 or less.",
    "Choose your opponent's Characters.",
    "Choose your opponent's Leader.",
    "Choose your opponent's card on top of the deck.",
    "Choose your opponent.",
    "Choose yourself.",
    "Give +1 cost to up to 1 of your Characters.",
    "Give +1000 power to this card.",
    "Give +1000 power to up to 1 of your Characters named [Charlotte Linlin].",
    "Give +1000 power to up to 1 of your Characters with a base power of 2000 or less.",
    "Give +1000 power to up to 1 of your Characters with the {Neptunian} or {Fish-Man} or {Merfolk} type.",
    "Give +1000 power to up to 1 of your Characters with the {Straw Hat Crew} type.",
    "Give +1000 power to up to 1 of your Characters.",
    "Give +1000 power to up to 1 of your Leaders or Characters with a type containing {Rocks Pirates}.",
    "Give +1000 power to up to 1 of your Leaders or Characters with the {Land of Wano} type.",
    "Give +1000 power to up to 1 of your Leaders or Characters with the {Revolutionary Army} type.",
    "Give +1000 power to up to 1 of your Leaders or Characters with the {Straw Hat Crew} type.",
    "Give +1000 power to up to 1 of your Leaders or Characters.",
    "Give +1000 power to up to 3 of your Characters with the {Revolutionary Army} type.",
    "Give +1000 power to up to 3 of your Characters.",
    "Give +1000 power to up to 3 of your Leaders or Characters.",
    "Give +1000 power to your Characters with a type containing {Whitebeard Pirates}.",
    "Give +1000 power to your Characters with the {GERMA 66} type.",
    "Give +1000 power to your Characters with the {Neptunian} type.",
    "Give +1000 power to your Characters.",
    "Give +1000 power to your Leader with the {Supernovas} type.",
    "Give +1000 power to your Leader.",
    "Give +1000 power to your Leaders or Characters with the {Fish-Man} or {Merfolk} type.",
    "Give +1000 power to your Leaders or Characters with the {ODYSSEY} type.",
    "Give +1000 power to your Leaders or Characters.",
    "Give +10000 power to this card.",
    "Give +2 cost to this card.",
    "Give +2 cost to up to 1 of your Characters that are black with the {Straw Hat Crew} type.",
    "Give +2 cost to up to 1 of your Characters with the {Big Mom Pirates} type.",
    "Give +2 cost to up to 1 of your Characters with the {Straw Hat Crew} type.",
    "Give +2 cost to up to 1 of your Characters.",
    "Give +20 cost to up to 1 of your Characters named [Kouzuki Momonosuke].",
    "Give +2000 power to this card.",
    "Give +2000 power to up to 1 of your Characters with a base power of 4000 or less.",
    "Give +2000 power to up to 1 of your Characters with the {Celestial Dragons} type.",
    "Give +2000 power to up to 1 of your Characters with the {Dressrosa} type.",
    "Give +2000 power to up to 1 of your Characters with the {Navy} type.",
    "Give +2000 power to up to 1 of your Characters with the {Revolutionary Army} type.",
    "Give +2000 power to up to 1 of your Characters.",
    "Give +2000 power to up to 1 of your Leader with a type containing {Whitebeard Pirates}.",
    "Give +2000 power to up to 1 of your Leader.",
    "Give +2000 power to up to 1 of your Leaders or Characters named [Boa Hancock].",
    "Give +2000 power to up to 1 of your Leaders or Characters named [Brook].",
    "Give +2000 power to up to 1 of your Leaders or Characters named [Charlotte Katakuri].",
    "Give +2000 power to up to 1 of your Leaders or Characters named [Charlotte Pudding].",
    "Give +2000 power to up to 1 of your Leaders or Characters named [Edward Weevil].",
    "Give +2000 power to up to 1 of your Leaders or Characters named [Enel].",
    "Give +2000 power to up to 1 of your Leaders or Characters named [Monkey.D.Luffy].",
    "Give +2000 power to up to 1 of your Leaders or Characters named [Portgas.D.Ace].",
    "Give +2000 power to up to 1 of your Leaders or Characters named [Rob Lucci].",
    "Give +2000 power to up to 1 of your Leaders or Characters named [Trafalgar Law].",
    "Give +2000 power to up to 1 of your Leaders or Characters with a type containing {Rocks Pirates}.",
    "Give +2000 power to up to 1 of your Leaders or Characters with a type containing {Whitebeard Pirates}.",
    "Give +2000 power to up to 1 of your Leaders or Characters with the {Egghead} type.",
    "Give +2000 power to up to 1 of your Leaders or Characters with the {Fish-Man} or {Merfolk} type.",
    "Give +2000 power to up to 1 of your Leaders or Characters with the {Land of Wano} type.",
    "Give +2000 power to up to 1 of your Leaders or Characters with the {The Seven Warlords of the Sea} type.",
    "Give +2000 power to up to 1 of your Leaders or Characters.",
    "Give +2000 power to up to 2 of your Characters with the {SMILE} type.",
    "Give +2000 power to up to 3 of your Characters with the {Admiral} type.",
    "Give +2000 power to your Characters named [Tony Tony.Chopper].",
    "Give +2000 power to your Characters with the {FILM} type.",
    "Give +2000 power to your Characters.",
    "Give +2000 power to your Leader.",
    "Give +3 cost to up to 1 of your Characters that are black.",
    "Give +3 cost to up to 1 of your Characters.",
    "Give +3 cost to your Characters with a type containing {Baroque Works}.",
    "Give +3000 power to this card.",
    "Give +3000 power to up to 1 of your Characters named [Spandam].",
    "Give +3000 power to up to 1 of your Characters with a cost of 1 that are red.",
    "Give +3000 power to up to 1 of your Characters.",
    "Give +3000 power to up to 1 of your Leaders or Characters named [Boa Hancock].",
    "Give +3000 power to up to 1 of your Leaders or Characters named [Charlotte Linlin].",
    "Give +3000 power to up to 1 of your Leaders or Characters named [Kaido].",
    "Give +3000 power to up to 1 of your Leaders or Characters named [Portgas.D.Ace].",
    "Give +3000 power to up to 1 of your Leaders or Characters with the {Fish-Man} or {Merfolk} type.",
    "Give +3000 power to up to 1 of your Leaders or Characters with the {Fish-Man} type.",
    "Give +3000 power to up to 1 of your Leaders or Characters with the {Land of Wano} type.",
    "Give +3000 power to up to 1 of your Leaders or Characters with the {Minks} type.",
    "Give +3000 power to up to 1 of your Leaders or Characters with the {Straw Hat Crew} type.",
    "Give +3000 power to up to 1 of your Leaders or Characters with the {Thriller Bark Pirates} type.",
    "Give +3000 power to up to 1 of your Leaders or Characters.",
    "Give +3000 power to your Leader named [Lucy].",
    "Give +3000 power to your Leader.",
    "Give +4 cost to your Characters with the {Thriller Bark Pirates} type.",
    "Give +4000 power to this card.",
    "Give +4000 power to up to 1 of your Leader.",
    "Give +4000 power to up to 1 of your Leaders or Characters named [Buggy].",
    "Give +4000 power to up to 1 of your Leaders or Characters named [Charlotte Linlin].",
    "Give +4000 power to up to 1 of your Leaders or Characters named [Krieg].",
    "Give +4000 power to up to 1 of your Leaders or Characters named [Sanji].",
    "Give +4000 power to up to 1 of your Leaders or Characters named [Shanks].",
    "Give +4000 power to up to 1 of your Leaders or Characters with the {FILM} type.",
    "Give +4000 power to up to 1 of your Leaders or Characters.",
    "Give +4000 power to your Leader.",
    "Give +5000 power to this card.",
    "Give +5000 power to up to 1 of your Leaders or Characters with the {Kid Pirates} type.",
    "Give +5000 power to up to 1 of your Leaders or Characters.",
    "Give +6000 power to up to 1 of your Characters with the {Dressrosa} type.",
    "Give +6000 power to up to 1 of your Characters with the {Straw Hat Crew} type.",
    "Give +6000 power to up to 1 of your Leaders or Characters.",
    "Give +792000 power to this card.",
    "Give 1 DON!! to 1 of your Characters named [Silvers Rayleigh].",
    "Give 1 DON!! to 1 of your Leaders or Characters named [Monkey.D.Luffy].",
    "Give 1 DON!! to 1 of your Leaders or Characters with the {Fish-Man} or {Merfolk} type.",
    "Give 1 DON!! to 1 of your Leaders or Characters with the {Kuja Pirates} type.",
    "Give 1 DON!! to 1 of your Leaders or Characters.",
    "Give 1 DON!! to this card.",
    "Give 1 DON!! to up to 1 of Leaders or Characters.",
    "Give 1 DON!! to up to 1 of your Leaders or Characters named [Monkey.D.Luffy].",
    "Give 1 DON!! to up to 1 of your Leaders or Characters named [Nami].",
    "Give 1 DON!! to up to 1 of your Leaders or Characters with a type containing {Whitebeard Pirates}.",
    "Give 1 DON!! to up to 1 of your Leaders or Characters with the {Land of Wano} type.",
    "Give 1 DON!! to up to 1 of your Leaders or Characters with the {Sky Island} type.",
    "Give 1 DON!! to up to 1 of your Leaders or Characters with the {The Seven Warlords of the Sea} type.",
    "Give 1 DON!! to up to 1 of your Leaders or Characters.",
    "Give 1 DON!! to your Leader named [Shanks].",
    "Give 1 DON!! to your Leader with the {Land of Wano} type.",
    "Give 1 DON!! to your Leader.",
    "Give 2 DON!! to 1 of your Characters.",
    "Give 2 DON!! to 1 of your Leaders or Characters with the {Fish-Man} or {Merfolk} type.",
    "Give 2 DON!! to 1 of your Leaders or Characters with the {Straw Hat Crew} type.",
    "Give 2 DON!! to 1 of your Leaders or Characters.",
    "Give 2 DON!! to this card.",
    "Give 2 DON!! to up to 1 of your Leaders or Characters named [Monkey.D.Luffy].",
    "Give 2 DON!! to up to 1 of your Leaders or Characters.",
    "Give 2 DON!! to up to 2 of your Characters with a base power of 6000.",
    "Give 2 DON!! to your Leader.",
    "Give 3 DON!! to your Leader named [Roronoa Zoro].",
    "Give 3 DON!! to your Leader with the {Land of Wano} type.",
    "Give 3 DON!! to your Leader.",
    "Give 4 DON!! to 1 of your Characters.",
    "Give [Banish] to this card.",
    "Give [Banish] to up to 1 of your Characters named [Monkey.D.Luffy].",
    "Give [Banish] to up to 1 of your Leaders or Characters named [Charlotte Linlin].",
    "Give [Banish] to up to 1 of your Leaders or Characters.",
    "Give [Banish] to your Leader.",
    "Give [Blocker] to this card.",
    "Give [Blocker] to up to 1 of your Characters named [Prisoner of Impel Down].",
    "Give [Blocker] to up to 1 of your Characters with a cost of 5 or less with the {Fish-Man} type.",
    "Give [Blocker] to up to 1 of your Characters with the {Dressrosa} type.",
    "Give [Blocker] to up to 1 of your Characters with the {Egghead} type.",
    "Give [Can Attack Active Characters] to this card.",
    "Give [Can Attack Active Characters] to up to 1 of your Characters with the {Dressrosa} type.",
    "Give [Can Attack Active Characters] to up to 1 of your Characters with the {Navy} type.",
    "Give [Can Attack Active Characters] to up to 1 of your Characters.",
    "Give [Can Attack Active Characters] to up to 1 of your Leaders or Characters with the {Navy} type.",
    "Give [Can Attack Active Characters] to up to 1 of your Leaders or Characters with the {SWORD} type.",
    "Give [Double Attack] to this card.",
    "Give [Double Attack] to up to 1 of your Characters with a cost of 1 that are red.",
    "Give [Double Attack] to up to 1 of your Characters with the {Land of Wano} type.",
    "Give [Double Attack] to up to 1 of your Characters with the {Sky Island} type.",
    "Give [Double Attack] to up to 1 of your Leader.",
    "Give [Double Attack] to up to 1 of your Leaders or Characters named [Charlotte Linlin].",
    "Give [Double Attack] to up to 1 of your Leaders or Characters named [Monkey.D.Luffy].",
    "Give [Double Attack] to your Leader named [Lucy].",
    "Give [Double Attack] to your Leader.",
    "Give [Rush: Character] to this card.",
    "Give [Rush: Character] to up to 1 of your Characters named [Monkey.D.Luffy].",
    "Give [Rush: Character] to up to 1 of your Characters with the {Fish-Man} or {Merfolk} type.",
    "Give [Rush: Character] to up to 1 of your Characters with the {Neptunian} type.",
    "Give [Rush] to the triggering card.",
    "Give [Rush] to this card.",
    "Give [Rush] to up to 1 of your Characters named [Kalgara].",
    "Give [Rush] to up to 1 of your Characters.",
    "Give [Unblockable] to up to 1 of your Characters that are black with the {Land of Wano} type.",
    "Give [Unblockable] to up to 1 of your Characters with the {Alabasta} type.",
    "Give [Unblockable] to up to 1 of your Characters.",
    "Give [Unblockable] to up to 1 of your Leaders or Characters named [Rocks.D.Xebec].",
    "Give [Unblockable] to your Leader.",
    "Give −1 cost to up to 1 of your opponent's Characters with a cost of 7 or less.",
    "Give −1 cost to up to 1 of your opponent's Characters.",
    "Give −1 cost to your opponent's Characters.",
    "Give −10 cost to up to 1 of your opponent's Characters.",
    "Give −1000 power to up to 1 of your opponent's Characters.",
    "Give −1000 power to up to 1 of your opponent's Leaders or Characters.",
    "Give −1000 power to your opponent's Leaders or Characters.",
    "Give −10000 power to up to 1 of your opponent's Characters.",
    "Give −10000 power to up to 1 of your opponent's Leaders or Characters.",
    "Give −2 cost to up to 1 of your opponent's Characters.",
    "Give −2 cost to up to 2 of your opponent's Characters.",
    "Give −2000 power to this card.",
    "Give −2000 power to up to 1 of your opponent's Characters.",
    "Give −2000 power to up to 1 of your opponent's Leaders or Characters.",
    "Give −2000 power to up to 2 of your opponent's Characters.",
    "Give −2000 power to your Leader.",
    "Give −2000 power to your opponent's Characters.",
    "Give −2000 power to your opponent's Leader.",
    "Give −3 cost to up to 1 of your opponent's Characters.",
    "Give −3000 power to up to 1 of your opponent's Characters with a cost of 0.",
    "Give −3000 power to up to 1 of your opponent's Characters.",
    "Give −3000 power to up to 1 of your opponent's Leaders or Characters.",
    "Give −3000 power to up to 2 of your opponent's Characters.",
    "Give −3000 power to up to 2 of your opponent's Leaders or Characters.",
    "Give −3000 power to your opponent's Characters.",
    "Give −4 cost to up to 1 of your opponent's Characters.",
    "Give −4000 power to up to 1 of your opponent's Characters.",
    "Give −5 cost to up to 1 of your opponent's Characters.",
    "Give −5000 power to up to 1 of your opponent's Characters.",
    "Give −6000 power to up to 1 of your opponent's Characters that are rested.",
    "Give −6000 power to up to 1 of your opponent's Characters.",
    "Give −7 cost to up to 1 of your opponent's Characters.",
    "Give −8000 power to up to 1 of your opponent's Characters.",
    "KO 1 of your Characters with the {Dressrosa} type.",
    "KO 1 of your opponent's Characters.",
    "KO Characters with a cost of 1 or less.",
    "KO Characters with a cost of 5 or less that are rested.",
    "KO this card.",
    "KO up to 1 of Characters with a cost of 2 or less.",
    "KO up to 1 of Characters with a cost of 3 or less.",
    "KO up to 1 of your opponent's Characters that are rested.",
    "KO up to 1 of your opponent's Characters with a base cost of 1 or less that are rested.",
    "KO up to 1 of your opponent's Characters with a base cost of 1.",
    "KO up to 1 of your opponent's Characters with a base cost of 3 or less.",
    "KO up to 1 of your opponent's Characters with a base cost of 4 or less.",
    "KO up to 1 of your opponent's Characters with a base cost of 5 or less.",
    "KO up to 1 of your opponent's Characters with a base cost of 6 or less.",
    "KO up to 1 of your opponent's Characters with a base cost of 8 or less.",
    "KO up to 1 of your opponent's Characters with a base power of 0.",
    "KO up to 1 of your opponent's Characters with a base power of 2000 or less.",
    "KO up to 1 of your opponent's Characters with a base power of 3000 or less.",
    "KO up to 1 of your opponent's Characters with a base power of 4000 or less.",
    "KO up to 1 of your opponent's Characters with a base power of 5000 or less.",
    "KO up to 1 of your opponent's Characters with a base power of 6000 or less.",
    "KO up to 1 of your opponent's Characters with a base power of 7000 or less that are rested.",
    "KO up to 1 of your opponent's Characters with a base power of 7000 or less.",
    "KO up to 1 of your opponent's Characters with a base power of 8000 or less.",
    "KO up to 1 of your opponent's Characters with a cost of 0.",
    "KO up to 1 of your opponent's Characters with a cost of 1 or less that are rested.",
    "KO up to 1 of your opponent's Characters with a cost of 1 or less.",
    "KO up to 1 of your opponent's Characters with a cost of 2 or less that are rested.",
    "KO up to 1 of your opponent's Characters with a cost of 2 or less.",
    "KO up to 1 of your opponent's Characters with a cost of 3 or less that are active.",
    "KO up to 1 of your opponent's Characters with a cost of 3 or less that are rested.",
    "KO up to 1 of your opponent's Characters with a cost of 3 or less with [Blocker].",
    "KO up to 1 of your opponent's Characters with a cost of 3 or less.",
    "KO up to 1 of your opponent's Characters with a cost of 4 or less that are rested.",
    "KO up to 1 of your opponent's Characters with a cost of 4 or less with the {The Seven Warlords of the Sea} type.",
    "KO up to 1 of your opponent's Characters with a cost of 4 or less.",
    "KO up to 1 of your opponent's Characters with a cost of 5 or less that are rested.",
    "KO up to 1 of your opponent's Characters with a cost of 5 or less.",
    "KO up to 1 of your opponent's Characters with a cost of 6 or less that are rested.",
    "KO up to 1 of your opponent's Characters with a cost of 6 or less.",
    "KO up to 1 of your opponent's Characters with a cost of 7 or less that are rested.",
    "KO up to 1 of your opponent's Characters with a cost of 7 or less.",
    "KO up to 1 of your opponent's Characters with a cost of 8 or less with the {The Seven Warlords of the Sea} type.",
    "KO up to 1 of your opponent's Characters with a cost of 8 or less.",
    "KO up to 1 of your opponent's Characters with a power of 0 or less.",
    "KO up to 1 of your opponent's Characters with a power of 1000 or less.",
    "KO up to 1 of your opponent's Characters with a power of 10000 or less.",
    "KO up to 1 of your opponent's Characters with a power of 2000 or less.",
    "KO up to 1 of your opponent's Characters with a power of 3000 or less.",
    "KO up to 1 of your opponent's Characters with a power of 4000 or less.",
    "KO up to 1 of your opponent's Characters with a power of 5000 or less.",
    "KO up to 1 of your opponent's Characters with a power of 6000 or less.",
    "KO up to 1 of your opponent's Characters with a power of 7000 or less.",
    "KO up to 1 of your opponent's Characters with a power of 8000 or less that are rested.",
    "KO up to 1 of your opponent's Characters with a power of 8000 or less.",
    "KO up to 1 of your opponent's Characters.",
    "KO up to 1 of your opponent's Stage with a cost of 1 or less.",
    "KO up to 1 of your opponent's Stage with a cost of 1.",
    "KO up to 1 of your opponent's Stage with a cost of 3 or less.",
    "KO up to 1 of your opponent's Stage with a cost of 7.",
    "KO up to 1 of your opponent's Stage.",
    "KO up to 2 of your opponent's Characters with a base cost of 3 or less.",
    "KO up to 2 of your opponent's Characters with a base cost of 4 or less that are rested.",
    "KO up to 2 of your opponent's Characters with a base power of 2000 or less.",
    "KO up to 2 of your opponent's Characters with a cost of 1 or less.",
    "KO up to 2 of your opponent's Characters with a cost of 2 or less.",
    "KO up to 2 of your opponent's Characters with a cost of 3 or less that are rested.",
    "KO up to 2 of your opponent's Characters with a cost of 4 or less that are rested.",
    "KO up to 2 of your opponent's Characters with a cost of 5 or less that are rested.",
    "KO up to 2 of your opponent's Characters with a cost of 6 or less that are rested.",
    "KO up to 2 of your opponent's Characters with a cost of 6 or less.",
    "KO up to 2 of your opponent's Characters with a total power of 4000 or less.",
    "KO your Characters with a cost of 2 or less with the {Thriller Bark Pirates} type.",
    "KO your opponent's Characters with a cost of 2 or less.",
    "KO your opponent's Characters with a power of 0 or less.",
    "KO your opponent's Characters with a total cost of 4 or less.",
    "Play 1 of the triggering card.",
    "Play 1 of your Character cards named [Crocodile].",
    "Play 1 of your cards in the trash named [Ice Oni].",
    "Play this card.",
    "Play up to 1 of your Character cards named [Biscuit Warrior].",
    "Play up to 1 of your Character cards named [Bobby Funk].",
    "Play up to 1 of your Character cards named [Edward.Newgate].",
    "Play up to 1 of your Character cards named [Gaimon].",
    "Play up to 1 of your Character cards named [Galley-La Company].",
    "Play up to 1 of your Character cards named [King] or [Queen] or [Jack].",
    "Play up to 1 of your Character cards named [Kuromarimo].",
    "Play up to 1 of your Character cards named [Lily Carnation].",
    "Play up to 1 of your Character cards named [Marshall.D.Teach].",
    "Play up to 1 of your Character cards named [Monster].",
    "Play up to 1 of your Character cards named [Prisoner of Impel Down].",
    "Play up to 1 of your Character cards named [Richie].",
    "Play up to 1 of your Character cards named [Rock].",
    "Play up to 1 of your Character cards named [Scotch].",
    "Play up to 1 of your Character cards named [Shanks].",
    "Play up to 1 of your Character cards named [Smiley].",
    "Play up to 1 of your Character cards named [Zou].",
    "Play up to 1 of your Character cards with a cost of 1 with the {Blackbeard Pirates} type.",
    "Play up to 1 of your Character cards with a cost of 2 named [Sabo] or [Portgas.D.Ace] or [Monkey.D.Luffy].",
    "Play up to 1 of your Character cards with a cost of 2 or less with the {Donquixote Pirates} type.",
    "Play up to 1 of your Character cards with a cost of 2 or less with the {Impel Down} type.",
    "Play up to 1 of your Character cards with a cost of 2 or less with the {Punk Hazard} type.",
    "Play up to 1 of your Character cards with a cost of 2 or less with the {SMILE} type.",
    "Play up to 1 of your Character cards with a cost of 2 or less with the {Straw Hat Crew} type.",
    "Play up to 1 of your Character cards with a cost of 2 or less with the {Thriller Bark Pirates} type.",
    "Play up to 1 of your Character cards with a cost of 2 or less.",
    "Play up to 1 of your Character cards with a cost of 2.",
    "Play up to 1 of your Character cards with a cost of 3 or less named [Boa Hancock].",
    "Play up to 1 of your Character cards with a cost of 3 or less that are black.",
    "Play up to 1 of your Character cards with a cost of 3 or less that are yellow.",
    "Play up to 1 of your Character cards with a cost of 3 or less with the {Animal} type.",
    "Play up to 1 of your Character cards with a cost of 3 or less with the {Baroque Works} type.",
    "Play up to 1 of your Character cards with a cost of 3 or less with the {Dressrosa} type.",
    "Play up to 1 of your Character cards with a cost of 3 or less with the {Fish-Man} or {Merfolk} type.",
    "Play up to 1 of your Character cards with a cost of 3 or less with the {Fish-Man} type.",
    "Play up to 1 of your Character cards with a cost of 3 or less with the {Impel Down} type.",
    "Play up to 1 of your Character cards with a cost of 3 or less with the {Shandian Warrior} type.",
    "Play up to 1 of your Character cards with a cost of 3 with the {Dressrosa} type.",
    "Play up to 1 of your Character cards with a cost of 4 named [Vinsmoke Reiju].",
    "Play up to 1 of your Character cards with a cost of 4 named [Vinsmoke Yonji].",
    "Play up to 1 of your Character cards with a cost of 4 or less named [Absalom].",
    "Play up to 1 of your Character cards with a cost of 4 or less named [Baron Tamago].",
    "Play up to 1 of your Character cards with a cost of 4 or less named [Caribou].",
    "Play up to 1 of your Character cards with a cost of 4 or less named [Dr. Hogback].",
    "Play up to 1 of your Character cards with a cost of 4 or less named [Edward Weevil].",
    "Play up to 1 of your Character cards with a cost of 4 or less named [Laboon].",
    "Play up to 1 of your Character cards with a cost of 4 or less named [Perona].",
    "Play up to 1 of your Character cards with a cost of 4 or less named [Ulti].",
    "Play up to 1 of your Character cards with a cost of 4 or less that are black with the {Navy} type.",
    "Play up to 1 of your Character cards with a cost of 4 or less with the {Amazon Lily} or {Kuja Pirates} type.",
    "Play up to 1 of your Character cards with a cost of 4 or less with the {Cross Guild} type.",
    "Play up to 1 of your Character cards with a cost of 4 or less with the {Dressrosa} type.",
    "Play up to 1 of your Character cards with a cost of 4 or less with the {Egghead} type.",
    "Play up to 1 of your Character cards with a cost of 4 or less with the {Fish-Man} or {Merfolk} type.",
    "Play up to 1 of your Character cards with a cost of 4 or less with the {Foxy Pirates} type.",
    "Play up to 1 of your Character cards with a cost of 4 or less with the {ODYSSEY} or {Straw Hat Crew} type.",
    "Play up to 1 of your Character cards with a cost of 4 or less with the {Revolutionary Army} type.",
    "Play up to 1 of your Character cards with a cost of 4 or less with the {Supernovas} type.",
    "Play up to 1 of your Character cards with a cost of 4 or less with the {Thriller Bark Pirates} type.",
    "Play up to 1 of your Character cards with a cost of 4 or less.",
    "Play up to 1 of your Character cards with a cost of 5 named [Vinsmoke Niji].",
    "Play up to 1 of your Character cards with a cost of 5 or less named [Brogy].",
    "Play up to 1 of your Character cards with a cost of 5 or less named [Dorry].",
    "Play up to 1 of your Character cards with a cost of 5 or less named [Viscount Hiyoko].",
    "Play up to 1 of your Character cards with a cost of 5 or less that are green.",
    "Play up to 1 of your Character cards with a cost of 5 or less with the {Alabasta} or {Straw Hat Crew} type.",
    "Play up to 1 of your Character cards with a cost of 5 or less with the {Blackbeard Pirates} type.",
    "Play up to 1 of your Character cards with a cost of 5 or less with the {Donquixote Pirates} type.",
    "Play up to 1 of your Character cards with a cost of 5 or less with the {Egghead} type.",
    "Play up to 1 of your Character cards with a cost of 5 or less with the {Kid Pirates} type.",
    "Play up to 1 of your Character cards with a cost of 5 or less with the {Minks} type.",
    "Play up to 1 of your Character cards with a cost of 5 or less with the {Neptunian} or {Fish-Man Island} type.",
    "Play up to 1 of your Character cards with a cost of 5 or less with the {ODYSSEY} type.",
    "Play up to 1 of your Character cards with a cost of 5 or less with the {Sky Island} type.",
    "Play up to 1 of your Character cards with a cost of 5 or less.",
    "Play up to 1 of your Character cards with a cost of 5 with the {Cross Guild} type.",
    "Play up to 1 of your Character cards with a cost of 6 named [Kin'emon].",
    "Play up to 1 of your Character cards with a cost of 6 or less named [Boa Hancock].",
    "Play up to 1 of your Character cards with a cost of 6 or less named [Count Niwatori].",
    "Play up to 1 of your Character cards with a cost of 6 or less named [Yamato].",
    "Play up to 1 of your Character cards with a cost of 6 or less that are green.",
    "Play up to 1 of your Character cards with a cost of 6 or less with the {Amazon Lily} or {Kuja Pirates} type.",
    "Play up to 1 of your Character cards with a cost of 6 or less with the {Big Mom Pirates} type.",
    "Play up to 1 of your Character cards with a cost of 6 or less with the {Cross Guild} type.",
    "Play up to 1 of your Character cards with a cost of 6 or less with the {East Blue} type.",
    "Play up to 1 of your Character cards with a cost of 6 or less with the {Fish-Man} or {Merfolk} type.",
    "Play up to 1 of your Character cards with a cost of 6 or less with the {Impel Down} type.",
    "Play up to 1 of your Character cards with a cost of 6 or less with the {Land of Wano} type.",
    "Play up to 1 of your Character cards with a cost of 6 or less.",
    "Play up to 1 of your Character cards with a cost of 7 named [Vinsmoke Ichiji].",
    "Play up to 1 of your Character cards with a cost of 7 or less named [Enel].",
    "Play up to 1 of your Character cards with a cost of 7 or less named [King].",
    "Play up to 1 of your Character cards with a cost of 7 or less named [Trafalgar Law].",
    "Play up to 1 of your Character cards with a cost of 7 or less with the {Straw Hat Crew} type.",
    "Play up to 1 of your Character cards with a cost of 8 that are black named [Yamato].",
    "Play up to 1 of your Character cards with a cost of 9 named [Kouzuki Momonosuke].",
    "Play up to 1 of your Character cards with a power of 2000 or less that are red.",
    "Play up to 1 of your Character cards with a power of 3000 or less that are red.",
    "Play up to 1 of your Character cards with a power of 3000 or less with the {Animal} type.",
    "Play up to 1 of your Character cards with a power of 3000 or less with the {Homies} type.",
    "Play up to 1 of your Character cards with a power of 5000 or less with the {Revolutionary Army} type.",
    "Play up to 1 of your Character cards with a power of 6000 or less named [Sanji].",
    "Play up to 1 of your Character cards with a power of 6000 or less that are yellow.",
    "Play up to 1 of your Character cards with a power of 6000 or less with the {Donquixote Pirates} type.",
    "Play up to 1 of your Character cards with a power of 6000 or less.",
    "Play up to 1 of your Character cards with the {Cross Guild} type.",
    "Play up to 1 of your Characters named [Holly].",
    "Play up to 1 of your Stage cards named [Fullalead].",
    "Play up to 1 of your Stage cards named [Onigashima Island].",
    "Play up to 1 of your Stage cards named [Upper Yard].",
    "Play up to 1 of your Stage cards named [Zou].",
    "Play up to 1 of your Stage cards with a cost of 1 with the {Dressrosa} type.",
    "Play up to 1 of your Stage cards with a cost of 1 with the {Mary Geoise} type.",
    "Play up to 1 of your cards in hand named [Buchi].",
    "Play up to 1 of your cards in hand named [Penguin].",
    "Play up to 1 of your cards in hand named [Shachi].",
    "Play up to 1 of your cards in hand with a cost of 1 with a type containing {Whitebeard Pirates}.",
    "Play up to 1 of your cards in hand with a cost of 2 or less with the {Supernovas} type.",
    "Play up to 1 of your cards in hand with a cost of 4 or less named [Pacifista].",
    "Play up to 1 of your cards in hand with a cost of 4 or less named [Page One].",
    "Play up to 2 of your Character cards with a power of 8000 with a type containing {Whitebeard Pirates}.",
    "Play up to 2 of your cards in hand with the {Rocks Pirates} type with a total cost of 9 or less with different names.",
    "Play up to 5 of your Character cards with a power of 5000 with the {Five Elders} type with different names.",
    "Rest 1 of your Characters with a cost of 3 or more.",
    "Rest 1 of your Characters with the {ODYSSEY} type.",
    "Rest 1 of your Characters.",
    "Rest 1 of your Leaders or Characters.",
    "Rest 1 of your Stage named [Corrida Coliseum].",
    "Rest 1 of your field cards.",
    "Rest 1 of your opponent's Characters with a cost of 2 or less.",
    "Rest 1 of your opponent's Characters.",
    "Rest 1 of your opponent's field cards.",
    "Rest 2 of your Leaders or Characters.",
    "Rest 2 of your field cards.",
    "Rest this card.",
    "Rest up to 1 of your opponent's Characters with [Blocker].",
    "Rest up to 1 of your opponent's Characters with a base cost of 4 or less.",
    "Rest up to 1 of your opponent's Characters with a base cost of 6 or less.",
    "Rest up to 1 of your opponent's Characters with a base power of 6000 or less.",
    "Rest up to 1 of your opponent's Characters with a base power of 7000 or less.",
    "Rest up to 1 of your opponent's Characters with a cost of 0.",
    "Rest up to 1 of your opponent's Characters with a cost of 1 or less.",
    "Rest up to 1 of your opponent's Characters with a cost of 2 or less.",
    "Rest up to 1 of your opponent's Characters with a cost of 3 or less.",
    "Rest up to 1 of your opponent's Characters with a cost of 4 or less.",
    "Rest up to 1 of your opponent's Characters with a cost of 5 or less.",
    "Rest up to 1 of your opponent's Characters with a cost of 6 or less.",
    "Rest up to 1 of your opponent's Characters with a cost of 7 or less.",
    "Rest up to 1 of your opponent's Characters with a cost of 8 or less.",
    "Rest up to 1 of your opponent's Characters with a cost of 9 or less.",
    "Rest up to 1 of your opponent's Characters with a power of 5000 or less.",
    "Rest up to 1 of your opponent's Characters.",
    "Rest up to 1 of your opponent's DON!! cards.",
    "Rest up to 1 of your opponent's Leaders or Characters with a cost of 3 or less.",
    "Rest up to 1 of your opponent's Leaders or Characters with a cost of 4 or less.",
    "Rest up to 1 of your opponent's Leaders or Characters with a cost of 5 or less.",
    "Rest up to 1 of your opponent's Leaders or Characters with a cost of 7 or less.",
    "Rest up to 1 of your opponent's Leaders or Characters.",
    "Rest up to 2 of your opponent's Characters with a cost of 2 or less.",
    "Rest up to 2 of your opponent's Characters with a cost of 3 or less.",
    "Rest up to 2 of your opponent's Characters with a cost of 4 or less.",
    "Rest up to 2 of your opponent's Characters with a cost of 5 or less.",
    "Rest up to 2 of your opponent's Characters with a cost of 6 or less.",
    "Rest up to 2 of your opponent's Characters with a cost of 8 or less.",
    "Rest up to 2 of your opponent's Characters.",
    "Rest up to 2 of your opponent's Leaders or Characters.",
    "Rest your Leader.",
    "Rest your opponent's Characters.",
    "Rest your opponent's Leader.",
    "Return to hand 1 of your Characters.",
    "Return to hand 1 of your opponent's Characters that are active.",
    "Return to hand this card.",
    "Return to hand up to 1 of Characters with a base power of 5000 or less.",
    "Return to hand up to 1 of Characters with a base power of 6000.",
    "Return to hand up to 1 of Characters with a base power of 7000.",
    "Return to hand up to 1 of Characters with a cost of 1 or less.",
    "Return to hand up to 1 of Characters with a cost of 2 or less.",
    "Return to hand up to 1 of Characters with a cost of 3 or less that are active.",
    "Return to hand up to 1 of Characters with a cost of 3 or less.",
    "Return to hand up to 1 of Characters with a cost of 4 or less.",
    "Return to hand up to 1 of Characters with a cost of 5 or less.",
    "Return to hand up to 1 of Characters with a cost of 6 or less.",
    "Return to hand up to 1 of Characters with a cost of 7 or less.",
    "Return to hand up to 1 of Characters with a cost of 8 or less.",
    "Return to hand up to 1 of Stage.",
    "Return to hand up to 1 of your Characters with a cost of 1 with the {The Vinsmoke Family} type.",
    "Return to hand up to 1 of your Characters with a type containing {CP}.",
    "Return to hand up to 1 of your Characters with the {Amazon Lily} or {Kuja Pirates} type.",
    "Return to hand up to 1 of your Characters.",
    "Return to hand up to 1 of your Event cards with a cost of 0 that are blue.",
    "Return to hand up to 1 of your cards in the trash named [Laboon].",
    "Return to hand up to 1 of your cards in the trash named [Trafalgar Law].",
    "Return to hand up to 1 of your cards in the trash named [Yamato].",
    "Return to hand up to 1 of your cards in the trash that are black.",
    "Return to hand up to 1 of your cards in the trash that are blue named [Usopp].",
    "Return to hand up to 1 of your cards in the trash with a cost of 5 or less with the {SMILE} type.",
    "Return to hand up to 1 of your cards in the trash with the {Blackbeard Pirates} type.",
    "Return to hand up to 1 of your cards in the trash with the {Elbaph} type.",
    "Return to hand up to 1 of your cards in the trash with the {Thriller Bark Pirates} type.",
    "Return to hand up to 1 of your opponent's Characters with a base power of 3000 or less.",
    "Return to hand up to 1 of your opponent's Characters with a cost of 1 or less.",
    "Return to hand up to 1 of your opponent's Characters with a cost of 2 or less.",
    "Return to hand up to 1 of your opponent's Characters with a cost of 3 or less.",
    "Return to hand up to 1 of your opponent's Characters with a cost of 4 or less.",
    "Return to hand up to 1 of your opponent's Characters with a cost of 5 or less.",
    "Return to hand up to 1 of your opponent's Characters with a cost of 6 or less.",
    "Return to hand up to 1 of your opponent's Characters.",
    "Return to hand your Characters named [San-Gorou] or [Sanji].",
    "Return to hand your Characters.",
    "Return to the bottom of the deck 1 of your Characters.",
    "Return to the bottom of the deck 1 of your cards in hand.",
    "Return to the bottom of the deck 1 of your opponent's Characters.",
    "Return to the bottom of the deck 2 of your cards in hand.",
    "Return to the bottom of the deck 2 of your cards in the trash.",
    "Return to the bottom of the deck 3 of your cards in the trash.",
    "Return to the bottom of the deck Characters with a cost of 2 or less.",
    "Return to the bottom of the deck Characters with a cost of 3 or less.",
    "Return to the bottom of the deck this card.",
    "Return to the bottom of the deck up to 1 of Characters with a base cost of 1.",
    "Return to the bottom of the deck up to 1 of Characters with a cost of 1 or less.",
    "Return to the bottom of the deck up to 1 of Characters with a cost of 2 or less.",
    "Return to the bottom of the deck up to 1 of Characters with a cost of 3 or less.",
    "Return to the bottom of the deck up to 1 of Characters with a cost of 4 or less.",
    "Return to the bottom of the deck up to 1 of Characters with a cost of 5 or less.",
    "Return to the bottom of the deck up to 1 of Characters with a cost of 6 or less.",
    "Return to the bottom of the deck up to 1 of Characters with a cost of 7 or less.",
    "Return to the bottom of the deck up to 1 of Characters.",
    "Return to the bottom of the deck up to 1 of your opponent's Characters with a base cost of 1 or less.",
    "Return to the bottom of the deck up to 1 of your opponent's Characters with a base cost of 4 or less.",
    "Return to the bottom of the deck up to 1 of your opponent's Characters with a cost of 1 or less.",
    "Return to the bottom of the deck up to 1 of your opponent's Characters with a cost of 4 or less.",
    "Return to the bottom of the deck up to 1 of your opponent's Characters with a cost of 5 or less.",
    "Return to the bottom of the deck up to 1 of your opponent's Characters with a power of 1000 or less.",
    "Return to the bottom of the deck up to 1 of your opponent's Characters with a power of 2000 or less.",
    "Return to the bottom of the deck up to 1 of your opponent's Characters with a power of 3000 or less.",
    "Return to the bottom of the deck up to 1 of your opponent's Characters with a power of 6000 or less.",
    "Return to the bottom of the deck up to 1 of your opponent's Characters.",
    "Return to the bottom of the deck up to 1 of your opponent's cards in the trash.",
    "Return to the bottom of the deck up to 2 of Characters with a cost of 6 or less.",
    "Return to the bottom of the deck your opponent's Characters with a base cost of 1.",
    "Set active this card.",
    "Set active up to 1 of your Characters named [Charlotte Linlin].",
    "Set active up to 1 of your Characters with a base cost of 8 or less.",
    "Set active up to 1 of your Characters with a cost of 1 that are rested.",
    "Set active up to 1 of your Characters with a cost of 2 or less with the {Minks} type.",
    "Set active up to 1 of your Characters with a cost of 3 or less with the {Big Mom Pirates} type.",
    "Set active up to 1 of your Characters with a cost of 3 or less with the {Land of Wano} type.",
    "Set active up to 1 of your Characters with a cost of 3 or less with the {The Akazaya Nine} type.",
    "Set active up to 1 of your Characters with a cost of 3 to 8 with the {Supernovas} type.",
    "Set active up to 1 of your Characters with a cost of 4 or less with the {ODYSSEY} type.",
    "Set active up to 1 of your Characters with a cost of 5 or less with the {Egghead} type.",
    "Set active up to 1 of your Characters with a cost of 5 or less with the {Minks} type.",
    "Set active up to 1 of your Characters with a cost of 5 or less with the {ODYSSEY} type that are rested.",
    "Set active up to 1 of your Characters with a cost of 5 or less with the {Supernovas} or {Heart Pirates} type that are rested.",
    "Set active up to 1 of your Characters with a cost of 5 or less with the {Supernovas} or {Straw Hat Crew} type.",
    "Set active up to 1 of your Characters with a cost of 5 or less.",
    "Set active up to 1 of your Characters with a power of 6000 or less that are purple with the {Straw Hat Crew} type.",
    "Set active up to 1 of your Characters with a power of 7000 or less.",
    "Set active up to 1 of your Characters with a type containing {Red-Haired Pirates}.",
    "Set active up to 1 of your Characters with the {Egghead} type.",
    "Set active up to 1 of your Characters with the {FILM} type.",
    "Set active up to 1 of your Characters with the {Fish-Man} or {Merfolk} type.",
    "Set active up to 1 of your Characters with the {Fish-Man} type.",
    "Set active up to 1 of your Characters with the {Minks} type.",
    "Set active up to 1 of your Characters with the {ODYSSEY} type.",
    "Set active up to 1 of your Characters.",
    "Set active up to 1 of your Leaders or Characters named [Foxy].",
    "Set active up to 1 of your Leaders or Characters named [Kuro].",
    "Set active up to 1 of your Leaders or Characters with a cost of 6 or less with the {East Blue} type.",
    "Set active up to 1 of your Stage that is purple.",
    "Set active up to 2 of your Characters with a cost of 3 or more with the {Big Mom Pirates} type.",
    "Set active up to 2 of your Characters with the {Minks} type.",
    "Set active up to 2 of your Characters.",
    "Set active your Characters with a cost of 5 or less that are green.",
    "Set active your Characters with the {FILM} type.",
    "Set active your Leader named [Roronoa Zoro].",
    "Set active your Leader named [Uta].",
    "Set active your Leader with the {Fish-Man} type.",
    "Set active your Leader with the {Land of Wano} type.",
    "Set active your Leader.",
    "Set active your Leaders or Characters.",
    "Trash 1 of your Characters with the {FILM} type.",
    "Trash 1 of your cards in hand with a type containing {Whitebeard Pirates}.",
    "Trash 1 of your cards in hand.",
    "Trash 1 of your opponent's cards in hand.",
    "Trash 2 of your cards in hand.",
    "Trash 2 of your opponent's cards in hand.",
    "Trash 3 of your cards in hand.",
    "Trash cards in your opponent's Life.",
    "Trash this card.",
    "Trash up to 1 of your opponent's Characters with a cost of 0.",
    "Trash up to 1 of your opponent's Characters with a cost of 2 or less.",
    "Trash up to 1 of your opponent's Characters with a cost of 4 or less.",
    "Trash up to 1 of your opponent's Characters with a cost of 7 or less.",
    "Trash up to 1 of your opponent's Characters with a power of 6000 or less.",
    "Trash up to 2 of your cards in hand.",
    "Trash up to 3 of your cards in hand.",
    "Trash your Characters.",
    "Trash your cards in hand.",
  ],
  "targetCount": 2535,
}
`;
