// Vitest Snapshot v1, https://vitest.dev/guide/snapshot.html

exports[`extractCardFacets > snapshots every distinct authored effect trait with its role 1`] = `
[
  "cost:Amazon Lily",
  "cost:Animal Kingdom Pirates",
  "cost:Baroque Works",
  "cost:CP",
  "cost:Celestial Dragons",
  "cost:Dressrosa",
  "cost:East Blue",
  "cost:Elbaph",
  "cost:FILM",
  "cost:Firetank Pirates",
  "cost:Fish-Man",
  "cost:GERMA 66",
  "cost:Homies",
  "cost:Impel Down",
  "cost:Kuja Pirates",
  "cost:Land of Wano",
  "cost:Minks",
  "cost:Music",
  "cost:Navy",
  "cost:Punk Hazard",
  "cost:Revolutionary Army",
  "cost:Rocks Pirates",
  "cost:Supernovas",
  "cost:Thriller Bark Pirates",
  "cost:Whitebeard Pirates",
  "exclude:Roger Pirates",
  "search:Alabasta",
  "search:Amazon Lily",
  "search:Animal",
  "search:Animal Kingdom Pirates",
  "search:Baroque Works",
  "search:Big Mom Pirates",
  "search:Blackbeard Pirates",
  "search:CP",
  "search:Celestial Dragons",
  "search:Cross Guild",
  "search:Donquixote Pirates",
  "search:Dressrosa",
  "search:Drum Kingdom",
  "search:East Blue",
  "search:Egghead",
  "search:Elbaph",
  "search:FILM",
  "search:Firetank Pirates",
  "search:Fish-Man",
  "search:Fish-Man Island",
  "search:Five Elders",
  "search:Foxy Pirates",
  "search:GERMA",
  "search:Heart Pirates",
  "search:Impel Down",
  "search:Kid Pirates",
  "search:Kuja Pirates",
  "search:Land of Wano",
  "search:Merfolk",
  "search:Minks",
  "search:Navy",
  "search:Neptunian",
  "search:ODYSSEY",
  "search:Punk Hazard",
  "search:Red-Haired Pirates",
  "search:Revolutionary Army",
  "search:Roger Pirates",
  "search:SMILE",
  "search:Scientist",
  "search:Shandian Warrior",
  "search:Sky Island",
  "search:Straw Hat Crew",
  "search:Supernovas",
  "search:The Akazaya Nine",
  "search:The Seven Warlords of the Sea",
  "search:Thriller Bark Pirates",
  "search:Water Seven",
  "search:Whitebeard Pirates",
  "target:Admiral",
  "target:Alabasta",
  "target:Amazon Lily",
  "target:Animal",
  "target:Baroque Works",
  "target:Big Mom Pirates",
  "target:Blackbeard Pirates",
  "target:CP",
  "target:Celestial Dragons",
  "target:Cross Guild",
  "target:Donquixote Pirates",
  "target:Dressrosa",
  "target:Drum Kingdom",
  "target:East Blue",
  "target:Egghead",
  "target:Elbaph",
  "target:FILM",
  "target:Fish-Man",
  "target:Fish-Man Island",
  "target:Five Elders",
  "target:Foxy Pirates",
  "target:GERMA",
  "target:GERMA 66",
  "target:Galley-La Company",
  "target:Heart Pirates",
  "target:Homies",
  "target:Impel Down",
  "target:Jailer Beast",
  "target:Kid Pirates",
  "target:Kuja Pirates",
  "target:Kurozumi Clan",
  "target:Land of Wano",
  "target:Mary Geoise",
  "target:Merfolk",
  "target:Minks",
  "target:Mountain Bandits",
  "target:Muggy Kingdom",
  "target:Navy",
  "target:Neptunian",
  "target:ODYSSEY",
  "target:Punk Hazard",
  "target:Red-Haired Pirates",
  "target:Revolutionary Army",
  "target:Rocks Pirates",
  "target:Roger Pirates",
  "target:SMILE",
  "target:SWORD",
  "target:Scientist",
  "target:Shandian Warrior",
  "target:Sky Island",
  "target:Straw Hat Crew",
  "target:Supernovas",
  "target:The Akazaya Nine",
  "target:The Seven Warlords of the Sea",
  "target:The Tontattas",
  "target:The Vinsmoke Family",
  "target:Thriller Bark Pirates",
  "target:Vassals",
  "target:Water Seven",
  "target:Whitebeard Pirates",
]
`;

exports[`extractCardFacets > snapshots every distinct authored tag and rejects unregistered output 1`] = `
[
  "category:activate",
  "category:auto",
  "category:permanent",
  "category:replacement",
  "category:rule_modification",
  "condition:action_performed_this_turn",
  "condition:active_don_count",
  "condition:all_don_state",
  "condition:board_wide_existence",
  "condition:card_on_field",
  "condition:card_type_in_zone",
  "condition:character_total_cost",
  "condition:combined_total",
  "condition:combined_zone_count",
  "condition:comparative",
  "condition:deck_count",
  "condition:don_field_count",
  "condition:don_given",
  "condition:face_up_life",
  "condition:field_purity",
  "condition:hand_count",
  "condition:is_my_turn",
  "condition:leader_property",
  "condition:life_count",
  "condition:multiple_named_cards",
  "condition:named_card_with_property",
  "condition:rested_card_count",
  "condition:revealed_card_property",
  "condition:self_cost",
  "condition:self_power",
  "condition:self_state",
  "condition:source_property",
  "condition:trash_count",
  "condition:turn_count",
  "condition:was_played_this_turn",
  "cost:add_own_character_to_life",
  "cost:don_minus",
  "cost:don_rest",
  "cost:give_opponent_don",
  "cost:ko_own_character",
  "cost:leader_power_reduction",
  "cost:life_to_hand",
  "cost:none",
  "cost:place_from_trash_to_deck",
  "cost:place_hand_to_deck",
  "cost:place_own_character_to_deck",
  "cost:place_self_and_hand_to_deck",
  "cost:place_self_and_trash_to_deck",
  "cost:place_self_to_deck",
  "cost:place_stage_to_deck",
  "cost:play_named_card_from_hand",
  "cost:rest_cards",
  "cost:rest_don",
  "cost:rest_named_card",
  "cost:rest_self",
  "cost:return_attached_don_to_cost",
  "cost:return_own_character_to_hand",
  "cost:reveal_from_hand",
  "cost:trash_from_hand",
  "cost:trash_from_life",
  "cost:trash_named_card_from_hand_or_stage",
  "cost:trash_own_character",
  "cost:trash_own_stage",
  "cost:trash_self",
  "cost:turn_life_face_down",
  "cost:turn_life_face_up",
  "cost:variable_don_return",
  "don:give",
  "don:give:opponent",
  "don:give:self",
  "don:ramp",
  "don:rest",
  "don:rest:opponent",
  "don:rest:self",
  "don:return",
  "don:return:opponent",
  "don:return:self",
  "don:untap",
  "don:untap:self",
  "flag:lock_on_decline",
  "flag:once_per_turn",
  "flag:optional",
  "hand:discard",
  "hand:draw",
  "hand:event_reuse",
  "hand:mill",
  "hand:play_from_deck",
  "hand:play_from_hand",
  "hand:play_from_life",
  "hand:play_from_trash",
  "hand:reveal",
  "hand:scry",
  "hand:search",
  "hand:search_trash",
  "hand:to_deck",
  "hand:wheel",
  "keyword:banish",
  "keyword:banish:granted",
  "keyword:blocker",
  "keyword:blocker:granted",
  "keyword:can_attack_active",
  "keyword:can_attack_active:granted",
  "keyword:double_attack",
  "keyword:double_attack:granted",
  "keyword:rush",
  "keyword:rush:granted",
  "keyword:rush_character",
  "keyword:rush_character:granted",
  "keyword:unblockable",
  "keyword:unblockable:granted",
  "life:add",
  "life:add:opponent",
  "life:add:self",
  "life:damage:opponent",
  "life:damage:self",
  "life:drain",
  "life:face_down",
  "life:face_up",
  "life:scry",
  "life:to_deck",
  "life:to_deck:opponent",
  "life:to_hand",
  "life:to_hand:opponent",
  "life:trash",
  "life:trash:opponent",
  "removal:bottom_deck",
  "removal:bottom_deck:wipe",
  "removal:bounce",
  "removal:bounce:wipe",
  "removal:ko",
  "removal:ko:wipe",
  "removal:top_deck",
  "removal:trash",
  "removal:trash:wipe",
  "stat:copy_power",
  "stat:cost_down",
  "stat:cost_down:opponent",
  "stat:cost_down:self",
  "stat:cost_up",
  "stat:cost_up:self",
  "stat:grant_attribute",
  "stat:power_down",
  "stat:power_down:opponent",
  "stat:power_down:self",
  "stat:power_to_zero",
  "stat:power_up",
  "stat:power_up:self",
  "stat:set_base_power",
  "stat:set_cost",
  "stat:swap_base_power",
  "state:active",
  "state:active:self",
  "state:negate",
  "state:prohibit",
  "state:redirect",
  "state:rest",
  "state:rest:opponent",
  "state:rest:self",
  "timing:don_requirement",
  "timing:opponent_turn",
  "timing:your_turn",
  "trigger:activate_main",
  "trigger:any_character_ko",
  "trigger:blocker_activated",
  "trigger:card_added_to_hand_from_life",
  "trigger:card_removed_from_life",
  "trigger:character_battles",
  "trigger:character_becomes_rested",
  "trigger:character_played",
  "trigger:character_removed_from_field",
  "trigger:character_returned_to_hand",
  "trigger:combat_victory",
  "trigger:counter_event",
  "trigger:damage_taken",
  "trigger:don_given_to_card",
  "trigger:don_returned_to_don_deck",
  "trigger:draw_outside_draw_phase",
  "trigger:end_of_battle",
  "trigger:end_of_your_turn",
  "trigger:event_activated_from_hand",
  "trigger:event_main_resolved_from_trash",
  "trigger:leader_attack_deals_damage",
  "trigger:life_card_removed",
  "trigger:life_count_becomes_zero",
  "trigger:main_event",
  "trigger:on_block",
  "trigger:on_ko",
  "trigger:on_opponent_attack",
  "trigger:on_play",
  "trigger:opponent_character_ko",
  "trigger:start_of_turn",
  "trigger:trigger",
  "trigger:trigger_activated",
  "trigger:when_attacked",
  "trigger:when_attacking",
]
`;
